Archive member included to satisfy reference by file (symbol)

src/libsrc.a(normal_mode.c.obj)
                              CMakeFiles/mimik.dir/mimik.c.obj (home_screen)
src/libsrc.a(init_filesystem.c.obj)
                              src/libsrc.a(normal_mode.c.obj) (lfs_init)
lib/LCD/libLCD.a(LCD_2in.c.obj)
                              src/libsrc.a(normal_mode.c.obj) (LCD_2IN_Init)
lib/Infrared/libInfrared.a(Infrared.c.obj)
                              src/libsrc.a(normal_mode.c.obj) (SET_Infrared_PIN)
lib/GUI/libGUI.a(GUI_Paint.c.obj)
                              src/libsrc.a(normal_mode.c.obj) (Paint_NewImage)
lib/Fonts/libFonts.a(font12.c.obj)
                              src/libsrc.a(normal_mode.c.obj) (Font12)
lib/Fonts/libFonts.a(font16.c.obj)
                              src/libsrc.a(normal_mode.c.obj) (Font16)
lib/Fonts/libFonts.a(font20.c.obj)
                              src/libsrc.a(normal_mode.c.obj) (Font20)
lib/Config/libConfig.a(DEV_Config.c.obj)
                              lib/LCD/libLCD.a(LCD_2in.c.obj) (DEV_Digital_Write)
lib/lfs/liblfs.a(lfs.c.obj)   src/libsrc.a(init_filesystem.c.obj) (lfs_format)
lib/USB/libUSB.a(script_injection.c.obj)
                              src/libsrc.a(normal_mode.c.obj) (hid_init)
lib/USB/libUSB.a(usb_descriptors.c.obj)
                              CMakeFiles/mimik.dir/home/aayush/pico-sdk/lib/tinyusb/src/device/usbd.c.obj (tud_descriptor_device_cb)
/usr/lib/gcc/arm-none-eabi/10.3.1/thumb/v6-m/nofp/libgcc.a(_dvmd_tls.o)
                              CMakeFiles/mimik.dir/home/aayush/pico-sdk/src/rp2_common/pico_divider/divider.S.obj (__aeabi_idiv0)
/usr/lib/gcc/arm-none-eabi/10.3.1/../../../arm-none-eabi/lib/thumb/v6-m/nofp/libc.a(lib_a-atexit.o)
                              /usr/lib/gcc/arm-none-eabi/10.3.1/../../../arm-none-eabi/lib/thumb/v6-m/nofp/crt0.o (atexit)
/usr/lib/gcc/arm-none-eabi/10.3.1/../../../arm-none-eabi/lib/thumb/v6-m/nofp/libc.a(lib_a-calloc.o)
                              CMakeFiles/mimik.dir/home/aayush/pico-sdk/src/rp2_common/pico_malloc/pico_malloc.c.obj (calloc)
/usr/lib/gcc/arm-none-eabi/10.3.1/../../../arm-none-eabi/lib/thumb/v6-m/nofp/libc.a(lib_a-callocr.o)
                              /usr/lib/gcc/arm-none-eabi/10.3.1/../../../arm-none-eabi/lib/thumb/v6-m/nofp/libc.a(lib_a-calloc.o) (_calloc_r)
/usr/lib/gcc/arm-none-eabi/10.3.1/../../../arm-none-eabi/lib/thumb/v6-m/nofp/libc.a(lib_a-fini.o)
                              /usr/lib/gcc/arm-none-eabi/10.3.1/../../../arm-none-eabi/lib/thumb/v6-m/nofp/crt0.o (__libc_fini_array)
/usr/lib/gcc/arm-none-eabi/10.3.1/../../../arm-none-eabi/lib/thumb/v6-m/nofp/libc.a(lib_a-impure.o)
                              /usr/lib/gcc/arm-none-eabi/10.3.1/../../../arm-none-eabi/lib/thumb/v6-m/nofp/libc.a(lib_a-calloc.o) (_impure_ptr)
/usr/lib/gcc/arm-none-eabi/10.3.1/../../../arm-none-eabi/lib/thumb/v6-m/nofp/libc.a(lib_a-init.o)
                              /usr/lib/gcc/arm-none-eabi/10.3.1/../../../arm-none-eabi/lib/thumb/v6-m/nofp/crt0.o (__libc_init_array)
/usr/lib/gcc/arm-none-eabi/10.3.1/../../../arm-none-eabi/lib/thumb/v6-m/nofp/libc.a(lib_a-malloc.o)
                              CMakeFiles/mimik.dir/home/aayush/pico-sdk/src/rp2_common/pico_malloc/pico_malloc.c.obj (malloc)
/usr/lib/gcc/arm-none-eabi/10.3.1/../../../arm-none-eabi/lib/thumb/v6-m/nofp/libc.a(lib_a-mallocr.o)
                              /usr/lib/gcc/arm-none-eabi/10.3.1/../../../arm-none-eabi/lib/thumb/v6-m/nofp/libc.a(lib_a-callocr.o) (_malloc_r)
/usr/lib/gcc/arm-none-eabi/10.3.1/../../../arm-none-eabi/lib/thumb/v6-m/nofp/libc.a(lib_a-memcmp.o)
                              lib/lfs/liblfs.a(lfs.c.obj) (memcmp)
/usr/lib/gcc/arm-none-eabi/10.3.1/../../../arm-none-eabi/lib/thumb/v6-m/nofp/libc.a(lib_a-mlock.o)
                              /usr/lib/gcc/arm-none-eabi/10.3.1/../../../arm-none-eabi/lib/thumb/v6-m/nofp/libc.a(lib_a-mallocr.o) (__malloc_lock)
/usr/lib/gcc/arm-none-eabi/10.3.1/../../../arm-none-eabi/lib/thumb/v6-m/nofp/libc.a(lib_a-realloc.o)
                              CMakeFiles/mimik.dir/home/aayush/pico-sdk/src/rp2_common/pico_malloc/pico_malloc.c.obj (realloc)
/usr/lib/gcc/arm-none-eabi/10.3.1/../../../arm-none-eabi/lib/thumb/v6-m/nofp/libc.a(lib_a-reallocr.o)
                              /usr/lib/gcc/arm-none-eabi/10.3.1/../../../arm-none-eabi/lib/thumb/v6-m/nofp/libc.a(lib_a-realloc.o) (_realloc_r)
/usr/lib/gcc/arm-none-eabi/10.3.1/../../../arm-none-eabi/lib/thumb/v6-m/nofp/libc.a(lib_a-sbrkr.o)
                              /usr/lib/gcc/arm-none-eabi/10.3.1/../../../arm-none-eabi/lib/thumb/v6-m/nofp/libc.a(lib_a-mallocr.o) (_sbrk_r)
/usr/lib/gcc/arm-none-eabi/10.3.1/../../../arm-none-eabi/lib/thumb/v6-m/nofp/libc.a(lib_a-strchr.o)
                              lib/lfs/liblfs.a(lfs.c.obj) (strchr)
/usr/lib/gcc/arm-none-eabi/10.3.1/../../../arm-none-eabi/lib/thumb/v6-m/nofp/libc.a(lib_a-strcmp.o)
                              src/libsrc.a(normal_mode.c.obj) (strcmp)
[...]
Memory Configuration

Name             Origin             Length             Attributes
FLASH            0x0000000010000000 0x0000000000200000 xr
RAM              0x0000000020000000 0x0000000000040000 xrw
SCRATCH_X        0x0000000020040000 0x0000000000001000 xrw
SCRATCH_Y        0x0000000020041000 0x0000000000001000 xrw
*default*        0x0000000000000000 0xffffffffffffffff

Linker script and memory map

LOAD /usr/lib/gcc/arm-none-eabi/10.3.1/thumb/v6-m/nofp/crti.o
LOAD /usr/lib/gcc/arm-none-eabi/10.3.1/thumb/v6-m/nofp/crtbegin.o
LOAD /usr/lib/gcc/arm-none-eabi/10.3.1/../../../arm-none-eabi/lib/thumb/v6-m/nofp/crt0.o

.flash_begin    0x0000000010000000        0x0
                0x0000000010000000                __flash_binary_start = .

.boot2          0x0000000010000000      0x100
                0x0000000010000000                __boot2_start__ = .
 *(.boot2)
 .boot2         0x0000000010000000      0x100 /tmp/ccRE1g3j.o
                0x0000000010000100                __boot2_end__ = .
                0x0000000000000001                ASSERT (((__boot2_end__ - __boot2_start__) == 0x100), ERROR: Pico second stage bootloader must be 256 bytes in size)

.text           0x0000000010000100    0x11fc0
                0x0000000010000100                __logical_binary_start = .
 *(.vectors)
 .vectors       0x0000000010000100       0xd4 CMakeFiles/mimik.dir/home/aayush/pico-sdk/src/rp2_common/pico_standard_link/crt0.S.obj
                0x0000000010000100                __vectors
                0x0000000010000100                __VECTOR_TABLE
                0x00000000100001c0                isr_invalid
                0x00000000100001c0                __default_isrs_start
                0x00000000100001c2                isr_nmi
                0x00000000100001c4                isr_hardfault
                0x00000000100001c6                isr_svcall
                0x00000000100001c8                isr_pendsv
                0x00000000100001ca                isr_systick
                0x00000000100001cc                isr_irq30
                0x00000000100001cc                __unhandled_user_irq
                0x00000000100001cc                isr_irq13
                0x00000000100001cc                isr_irq27
                0x00000000100001cc                isr_irq31
                0x00000000100001cc                isr_irq5
                0x00000000100001cc                isr_irq11
                0x00000000100001cc                isr_irq23
                0x00000000100001cc                isr_irq18
                0x00000000100001cc                isr_irq28
                0x00000000100001cc                isr_irq19
                0x00000000100001cc                isr_irq0
                0x00000000100001cc                isr_irq6
                0x00000000100001cc                isr_irq22
                0x00000000100001cc                isr_irq17
                0x00000000100001cc                isr_irq14
                0x00000000100001cc                isr_irq2
                0x00000000100001cc                isr_irq10
                0x00000000100001cc                isr_irq8
                0x00000000100001cc                isr_irq24
                0x00000000100001cc                isr_irq1
                0x00000000100001cc                isr_irq7
                0x00000000100001cc                isr_irq21
                0x00000000100001cc                isr_irq20
                0x00000000100001cc                isr_irq15
                0x00000000100001cc                isr_irq25
                0x00000000100001cc                isr_irq4
                0x00000000100001cc                isr_irq16
                0x00000000100001cc                isr_irq29
                0x00000000100001cc                isr_irq26
                0x00000000100001cc                __default_isrs_end
                0x00000000100001cc                isr_irq3
                0x00000000100001cc                isr_irq12
                0x00000000100001cc                isr_irq9
                0x00000000100001d2                unhandled_user_irq_num_in_r0
 *(.binary_info_header)
 .binary_info_header
                0x00000000100001d4       0x14 CMakeFiles/mimik.dir/home/aayush/pico-sdk/src/rp2_common/pico_standard_link/crt0.S.obj
                0x00000000100001e8                __binary_info_header_end = .
 *(.reset)
 .reset         0x00000000100001e8       0xa0 CMakeFiles/mimik.dir/home/aayush/pico-sdk/src/rp2_common/pico_standard_link/crt0.S.obj
                0x00000000100001e8                _entry_point
 .reset         0x0000000010000288       0x30 CMakeFiles/mimik.dir/home/aayush/pico-sdk/src/rp2_common/pico_standard_link/binary_info.c.obj
 *(.init)
 .init          0x00000000100002b8        0x4 /usr/lib/gcc/arm-none-eabi/10.3.1/thumb/v6-m/nofp/crti.o
                0x00000000100002b8                _init
 *(EXCLUDE_FILE(*libm.a: *libc.a:*lib_a-mem*.o *libgcc.a:) .text*)
 .text          0x00000000100002bc       0x98 /usr/lib/gcc/arm-none-eabi/10.3.1/thumb/v6-m/nofp/crtbegin.o
 .text.startup.main
                0x0000000010000354       0x34 CMakeFiles/mimik.dir/mimik.c.obj
                0x0000000010000354                main
 .text.gpio_set_function
                0x0000000010000388       0x30 CMakeFiles/mimik.dir/home/aayush/pico-sdk/src/rp2_common/hardware_gpio/gpio.c.obj
                0x0000000010000388                gpio_set_function
 .text.gpio_set_pulls
                0x00000000100003b8       0x30 CMakeFiles/mimik.dir/home/aayush/pico-sdk/src/rp2_common/hardware_gpio/gpio.c.obj
                0x00000000100003b8                gpio_set_pulls
 .text.gpio_init
                0x00000000100003e8       0x3c CMakeFiles/mimik.dir/home/aayush/pico-sdk/src/rp2_common/hardware_gpio/gpio.c.obj
                0x00000000100003e8                gpio_init
 .text.running_on_fpga
                0x0000000010000424       0x10 CMakeFiles/mimik.dir/home/aayush/pico-sdk/src/rp2_common/pico_platform/platform.c.obj
                0x0000000010000424                running_on_fpga
 .text.hw_claim_or_assert
                0x0000000010000434       0x44 CMakeFiles/mimik.dir/home/aayush/pico-sdk/src/rp2_common/hardware_claim/claim.c.obj
                0x0000000010000434                hw_claim_or_assert
 .text.hw_claim_unused_from_range
                0x0000000010000478       0x9c CMakeFiles/mimik.dir/home/aayush/pico-sdk/src/rp2_common/hardware_claim/claim.c.obj
                0x0000000010000478                hw_claim_unused_from_range
 .text.spin_locks_reset
                0x0000000010000514       0x1c CMakeFiles/mimik.dir/home/aayush/pico-sdk/src/rp2_common/hardware_sync/sync.c.obj
                0x0000000010000514                spin_locks_reset
 .text.next_striped_spin_lock_num
                0x0000000010000530       0x18 CMakeFiles/mimik.dir/home/aayush/pico-sdk/src/rp2_common/hardware_sync/sync.c.obj
                0x0000000010000530                next_striped_spin_lock_num
 .text.spin_lock_claim_unused
                0x0000000010000548       0x20 CMakeFiles/mimik.dir/home/aayush/pico-sdk/src/rp2_common/hardware_sync/sync.c.obj
                0x0000000010000548                spin_lock_claim_unused
 .text.irq_set_enabled
                0x0000000010000568       0x24 CMakeFiles/mimik.dir/home/aayush/pico-sdk/src/rp2_common/hardware_irq/irq.c.obj
                0x0000000010000568                irq_set_enabled
 .text.irq_get_vtable_handler
                0x000000001000058c       0x10 CMakeFiles/mimik.dir/home/aayush/pico-sdk/src/rp2_common/hardware_irq/irq.c.obj
                0x000000001000058c                irq_get_vtable_handler
 .text.irq_set_exclusive_handler
                0x000000001000059c       0x54 CMakeFiles/mimik.dir/home/aayush/pico-sdk/src/rp2_common/hardware_irq/irq.c.obj
                0x000000001000059c                irq_set_exclusive_handler
 .text.irq_add_shared_handler
                0x00000000100005f0      0x1e8 CMakeFiles/mimik.dir/home/aayush/pico-sdk/src/rp2_common/hardware_irq/irq.c.obj
                0x00000000100005f0                irq_add_shared_handler
 .text.irq_remove_handler
                0x00000000100007d8      0x1b0 CMakeFiles/mimik.dir/home/aayush/pico-sdk/src/rp2_common/hardware_irq/irq.c.obj
                0x00000000100007d8                irq_remove_handler
 .text.irq_add_tail_to_free_list
                0x0000000010000988       0xb4 CMakeFiles/mimik.dir/home/aayush/pico-sdk/src/rp2_common/hardware_irq/irq.c.obj
                0x0000000010000988                irq_add_tail_to_free_list
 .text.irq_init_priorities
                0x0000000010000a3c       0x24 CMakeFiles/mimik.dir/home/aayush/pico-sdk/src/rp2_common/hardware_irq/irq.c.obj
                0x0000000010000a3c                irq_init_priorities
 .text.lock_init
                0x0000000010000a60       0x10 CMakeFiles/mimik.dir/home/aayush/pico-sdk/src/common/pico_sync/lock_core.c.obj
                0x0000000010000a60                lock_init
 .text.mutex_init
                0x0000000010000a70       0x1c CMakeFiles/mimik.dir/home/aayush/pico-sdk/src/common/pico_sync/mutex.c.obj
                0x0000000010000a70                mutex_init
 .text.recursive_mutex_init
                0x0000000010000a8c       0x1c CMakeFiles/mimik.dir/home/aayush/pico-sdk/src/common/pico_sync/mutex.c.obj
                0x0000000010000a8c                recursive_mutex_init
 .text.critical_section_init
                0x0000000010000aa8       0x20 CMakeFiles/mimik.dir/home/aayush/pico-sdk/src/common/pico_sync/critical_section.c.obj
                0x0000000010000aa8                critical_section_init
 .text.timer_pool_entry_comparator
                0x0000000010000ac8       0x34 CMakeFiles/mimik.dir/home/aayush/pico-sdk/src/common/pico_time/time.c.obj
                0x0000000010000ac8                timer_pool_entry_comparator
 .text.sleep_until_callback
                0x0000000010000afc       0x30 CMakeFiles/mimik.dir/home/aayush/pico-sdk/src/common/pico_time/time.c.obj
 .text.add_alarm_under_lock.isra.0
                0x0000000010000b2c      0x100 CMakeFiles/mimik.dir/home/aayush/pico-sdk/src/common/pico_time/time.c.obj
 .text.alarm_pool_alarm_callback
                0x0000000010000c2c      0x1bc CMakeFiles/mimik.dir/home/aayush/pico-sdk/src/common/pico_time/time.c.obj
 .text.alarm_pool_init_default
                0x0000000010000de8       0x6c CMakeFiles/mimik.dir/home/aayush/pico-sdk/src/common/pico_time/time.c.obj
                0x0000000010000de8                alarm_pool_init_default
 .text.alarm_pool_add_alarm_at
                0x0000000010000e54      0x178 CMakeFiles/mimik.dir/home/aayush/pico-sdk/src/common/pico_time/time.c.obj
                0x0000000010000e54                alarm_pool_add_alarm_at
 .text.sleep_until
                0x0000000010000fcc       0xc4 CMakeFiles/mimik.dir/home/aayush/pico-sdk/src/common/pico_time/time.c.obj
                0x0000000010000fcc                sleep_until
 .text.sleep_ms
                0x0000000010001090       0x34 CMakeFiles/mimik.dir/home/aayush/pico-sdk/src/common/pico_time/time.c.obj
                0x0000000010001090                sleep_ms
 .text.best_effort_wfe_or_timeout
                0x00000000100010c4       0xd4 CMakeFiles/mimik.dir/home/aayush/pico-sdk/src/common/pico_time/time.c.obj
                0x00000000100010c4                best_effort_wfe_or_timeout
 .text.hardware_alarm_irq_handler
                0x0000000010001198       0xbc CMakeFiles/mimik.dir/home/aayush/pico-sdk/src/rp2_common/hardware_timer/timer.c.obj
 .text.hardware_alarm_claim
                0x0000000010001254       0x18 CMakeFiles/mimik.dir/home/aayush/pico-sdk/src/rp2_common/hardware_timer/timer.c.obj
                0x0000000010001254                hardware_alarm_claim
 .text.time_us_64
                0x000000001000126c       0x14 CMakeFiles/mimik.dir/home/aayush/pico-sdk/src/rp2_common/hardware_timer/timer.c.obj
                0x000000001000126c                time_us_64
 .text.busy_wait_us
                0x0000000010001280       0x54 CMakeFiles/mimik.dir/home/aayush/pico-sdk/src/rp2_common/hardware_timer/timer.c.obj
                0x0000000010001280                busy_wait_us
 .text.busy_wait_until
                0x00000000100012d4       0x20 CMakeFiles/mimik.dir/home/aayush/pico-sdk/src/rp2_common/hardware_timer/timer.c.obj
                0x00000000100012d4                busy_wait_until
 .text.hardware_alarm_set_callback
                0x00000000100012f4       0x8c CMakeFiles/mimik.dir/home/aayush/pico-sdk/src/rp2_common/hardware_timer/timer.c.obj
                0x00000000100012f4                hardware_alarm_set_callback
 .text.hardware_alarm_set_target
                0x0000000010001380       0xd4 CMakeFiles/mimik.dir/home/aayush/pico-sdk/src/rp2_common/hardware_timer/timer.c.obj
                0x0000000010001380                hardware_alarm_set_target
 .text.hardware_alarm_cancel
                0x0000000010001454       0x3c CMakeFiles/mimik.dir/home/aayush/pico-sdk/src/rp2_common/hardware_timer/timer.c.obj
                0x0000000010001454                hardware_alarm_cancel
 .text.ph_merge_nodes
                0x0000000010001490       0x68 CMakeFiles/mimik.dir/home/aayush/pico-sdk/src/common/pico_util/pheap.c.obj
 .text.ph_post_alloc_init
                0x00000000100014f8       0x3c CMakeFiles/mimik.dir/home/aayush/pico-sdk/src/common/pico_util/pheap.c.obj
                0x00000000100014f8                ph_post_alloc_init
 .text.ph_merge_two_pass
                0x0000000010001534       0x90 CMakeFiles/mimik.dir/home/aayush/pico-sdk/src/common/pico_util/pheap.c.obj
                0x0000000010001534                ph_merge_two_pass
 .text.ph_remove_any_head
                0x00000000100015c4      0x100 CMakeFiles/mimik.dir/home/aayush/pico-sdk/src/common/pico_util/pheap.c.obj
 .text.ph_remove_head
                0x00000000100016c4      0x104 CMakeFiles/mimik.dir/home/aayush/pico-sdk/src/common/pico_util/pheap.c.obj
                0x00000000100016c4                ph_remove_head
 .text.ph_remove_and_free_node
                0x00000000100017c8       0x7c CMakeFiles/mimik.dir/home/aayush/pico-sdk/src/common/pico_util/pheap.c.obj
                0x00000000100017c8                ph_remove_and_free_node
 .text.uart_init
                0x0000000010001844      0x188 CMakeFiles/mimik.dir/home/aayush/pico-sdk/src/rp2_common/hardware_uart/uart.c.obj
                0x0000000010001844                uart_init
 .text.clocks_init
                0x00000000100019cc      0x2d0 CMakeFiles/mimik.dir/home/aayush/pico-sdk/src/rp2_common/hardware_clocks/clocks.c.obj
                0x00000000100019cc                clocks_init
 .text.clock_get_hz
                0x0000000010001c9c        0xc CMakeFiles/mimik.dir/home/aayush/pico-sdk/src/rp2_common/hardware_clocks/clocks.c.obj
                0x0000000010001c9c                clock_get_hz
 .text.pll_init
                0x0000000010001ca8       0xa0 CMakeFiles/mimik.dir/home/aayush/pico-sdk/src/rp2_common/hardware_pll/pll.c.obj
                0x0000000010001ca8                pll_init
 .text.watchdog_start_tick
                0x0000000010001d48       0x10 CMakeFiles/mimik.dir/home/aayush/pico-sdk/src/rp2_common/hardware_watchdog/watchdog.c.obj
                0x0000000010001d48                watchdog_start_tick
 .text.xosc_init
                0x0000000010001d58       0x28 CMakeFiles/mimik.dir/home/aayush/pico-sdk/src/rp2_common/hardware_xosc/xosc.c.obj
                0x0000000010001d58                xosc_init
 .text.runtime_init
                0x0000000010001d80       0xf0 CMakeFiles/mimik.dir/home/aayush/pico-sdk/src/rp2_common/pico_runtime/runtime.c.obj
                0x0000000010001d80                runtime_init
 .text._exit    0x0000000010001e70        0x4 CMakeFiles/mimik.dir/home/aayush/pico-sdk/src/rp2_common/pico_runtime/runtime.c.obj
                0x0000000010001e70                _exit
 .text._sbrk    0x0000000010001e74       0x34 CMakeFiles/mimik.dir/home/aayush/pico-sdk/src/rp2_common/pico_runtime/runtime.c.obj
                0x0000000010001e74                _sbrk
 .text.exit     0x0000000010001ea8        0x8 CMakeFiles/mimik.dir/home/aayush/pico-sdk/src/rp2_common/pico_runtime/runtime.c.obj
                0x0000000010001ea8                exit
 .text.panic    0x0000000010001eb0       0x30 CMakeFiles/mimik.dir/home/aayush/pico-sdk/src/rp2_common/pico_runtime/runtime.c.obj
                0x0000000010001eb0                panic
 .text.hard_assertion_failure
                0x0000000010001ee0        0xc CMakeFiles/mimik.dir/home/aayush/pico-sdk/src/rp2_common/pico_runtime/runtime.c.obj
                0x0000000010001ee0                hard_assertion_failure
 .text._out_null
                0x0000000010001eec        0x4 CMakeFiles/mimik.dir/home/aayush/pico-sdk/src/rp2_common/pico_printf/printf.c.obj
 .text._out_rev
                0x0000000010001ef0       0x9c CMakeFiles/mimik.dir/home/aayush/pico-sdk/src/rp2_common/pico_printf/printf.c.obj
 .text._ntoa_format
                0x0000000010001f8c      0x1cc CMakeFiles/mimik.dir/home/aayush/pico-sdk/src/rp2_common/pico_printf/printf.c.obj
 .text._out_char
                0x0000000010002158       0x10 CMakeFiles/mimik.dir/home/aayush/pico-sdk/src/rp2_common/pico_printf/printf.c.obj
 .text._out_fct
                0x0000000010002168       0x10 CMakeFiles/mimik.dir/home/aayush/pico-sdk/src/rp2_common/pico_printf/printf.c.obj
 .text._etoa    0x0000000010002178      0x44c CMakeFiles/mimik.dir/home/aayush/pico-sdk/src/rp2_common/pico_printf/printf.c.obj
 .text._ftoa    0x00000000100025c4      0x398 CMakeFiles/mimik.dir/home/aayush/pico-sdk/src/rp2_common/pico_printf/printf.c.obj
 .text._vsnprintf
                0x000000001000295c      0xb04 CMakeFiles/mimik.dir/home/aayush/pico-sdk/src/rp2_common/pico_printf/printf.c.obj
 .text.vfctprintf
                0x0000000010003460       0x20 CMakeFiles/mimik.dir/home/aayush/pico-sdk/src/rp2_common/pico_printf/printf.c.obj
                0x0000000010003460                vfctprintf
 .text.weak_raw_vprintf
                0x0000000010003480       0x30 CMakeFiles/mimik.dir/home/aayush/pico-sdk/src/rp2_common/pico_printf/printf.c.obj
                0x0000000010003480                weak_raw_vprintf
 .text          0x00000000100034b0       0x10 CMakeFiles/mimik.dir/home/aayush/pico-sdk/src/rp2_common/pico_bit_ops/bit_ops_aeabi.S.obj
 .text.clzsi    0x00000000100034c0        0xc CMakeFiles/mimik.dir/home/aayush/pico-sdk/src/rp2_common/pico_bit_ops/bit_ops_aeabi.S.obj
                0x00000000100034c0                __wrap___clz
                0x00000000100034c0                __wrap___clzsi2
                0x00000000100034c0                __wrap___clzl
 .text.ctzsi    0x00000000100034cc        0xc CMakeFiles/mimik.dir/home/aayush/pico-sdk/src/rp2_common/pico_bit_ops/bit_ops_aeabi.S.obj
                0x00000000100034cc                __wrap___ctzsi2
 .text.popcountsi
                0x00000000100034d8        0xc CMakeFiles/mimik.dir/home/aayush/pico-sdk/src/rp2_common/pico_bit_ops/bit_ops_aeabi.S.obj
                0x00000000100034d8                __wrap___popcountsi2
 .text.rom_func_lookup
                0x00000000100034e4       0x10 CMakeFiles/mimik.dir/home/aayush/pico-sdk/src/rp2_common/pico_bootrom/bootrom.c.obj
                0x00000000100034e4                rom_func_lookup
 .text.rom_data_lookup
                0x00000000100034f4       0x10 CMakeFiles/mimik.dir/home/aayush/pico-sdk/src/rp2_common/pico_bootrom/bootrom.c.obj
                0x00000000100034f4                rom_data_lookup
 .text.rom_funcs_lookup
                0x0000000010003504       0x44 CMakeFiles/mimik.dir/home/aayush/pico-sdk/src/rp2_common/pico_bootrom/bootrom.c.obj
                0x0000000010003504                rom_funcs_lookup
 .text.__wrap___aeabi_idiv
                0x0000000010003548       0x50 CMakeFiles/mimik.dir/home/aayush/pico-sdk/src/rp2_common/pico_divider/divider.S.obj
                0x0000000010003548                __wrap___aeabi_idivmod
                0x0000000010003548                divmod_s32s32
                0x0000000010003548                div_s32s32
                0x0000000010003548                __wrap___aeabi_idiv
                0x0000000010003550                divmod_s32s32_unsafe
                0x000000001000357c                divmod_s32s32_savestate
 .text.__wrap___aeabi_uidiv
                0x0000000010003598       0x4c CMakeFiles/mimik.dir/home/aayush/pico-sdk/src/rp2_common/pico_divider/divider.S.obj
                0x0000000010003598                __wrap___aeabi_uidiv
                0x0000000010003598                __wrap___aeabi_uidivmod
                0x0000000010003598                div_u32u32
                0x0000000010003598                divmod_u32u32
                0x00000000100035a0                divmod_u32u32_unsafe
                0x00000000100035c8                divmod_u32u32_savestate
 .text.__wrap___aeabi_ldiv
                0x00000000100035e4      0x424 CMakeFiles/mimik.dir/home/aayush/pico-sdk/src/rp2_common/pico_divider/divider.S.obj
                0x00000000100035e4                div_s64s64
                0x00000000100035e4                divmod_s64s64
                0x00000000100035e4                __wrap___aeabi_ldivmod
                0x0000000010003614                div_u64u64
                0x0000000010003614                divmod_u64u64
                0x0000000010003614                __wrap___aeabi_uldivmod
                0x0000000010003624                divmod_u64u64_savestate
                0x0000000010003644                divmod_s64s64_unsafe
                0x00000000100036cc                divmod_u64u64_unsafe
 .text.__wrap___aeabi_darithmetic
                0x0000000010003a08       0x80 CMakeFiles/mimik.dir/home/aayush/pico-sdk/src/rp2_common/pico_double/double_aeabi.S.obj
                0x0000000010003a08                __wrap___aeabi_drsub
                0x0000000010003a0e                __wrap___aeabi_dsub
                0x0000000010003a20                __wrap___aeabi_dadd
                0x0000000010003a32                __wrap___aeabi_ddiv
                0x0000000010003a6e                __wrap___aeabi_dmul
 .text.__wrap___aeabi_cdcmple
                0x0000000010003a88       0x6c CMakeFiles/mimik.dir/home/aayush/pico-sdk/src/rp2_common/pico_double/double_aeabi.S.obj
                0x0000000010003a88                __wrap___aeabi_cdrcmple
                0x0000000010003a98                __wrap___aeabi_cdcmple
                0x0000000010003a98                __wrap___aeabi_cdcmpeq
 .text.__wrap___aeabi_dcmplt
                0x0000000010003af4        0xc CMakeFiles/mimik.dir/home/aayush/pico-sdk/src/rp2_common/pico_double/double_aeabi.S.obj
                0x0000000010003af4                __wrap___aeabi_dcmplt
 .text.__wrap___aeabi_dcmple
                0x0000000010003b00       0x10 CMakeFiles/mimik.dir/home/aayush/pico-sdk/src/rp2_common/pico_double/double_aeabi.S.obj
                0x0000000010003b00                __wrap___aeabi_dcmple
 .text.__wrap___aeabi_dcmpge
                0x0000000010003b10       0x10 CMakeFiles/mimik.dir/home/aayush/pico-sdk/src/rp2_common/pico_double/double_aeabi.S.obj
                0x0000000010003b10                __wrap___aeabi_dcmpge
 .text.__wrap___aeabi_dcmpgt
                0x0000000010003b20        0xa CMakeFiles/mimik.dir/home/aayush/pico-sdk/src/rp2_common/pico_double/double_aeabi.S.obj
                0x0000000010003b20                __wrap___aeabi_dcmpgt
 .text.__wrap___aeabi_dcmpun
                0x0000000010003b2a       0x1c CMakeFiles/mimik.dir/home/aayush/pico-sdk/src/rp2_common/pico_double/double_aeabi.S.obj
                0x0000000010003b2a                __wrap___aeabi_dcmpun
 *fill*         0x0000000010003b46        0x2 
 .text.__wrap___aeabi_i2d
                0x0000000010003b48       0x38 CMakeFiles/mimik.dir/home/aayush/pico-sdk/src/rp2_common/pico_double/double_aeabi.S.obj
                0x0000000010003b48                __wrap___aeabi_ui2d
                0x0000000010003b50                __wrap___aeabi_i2d
 .text.__wrap___aeabi_d2iz
                0x0000000010003b80       0x48 CMakeFiles/mimik.dir/home/aayush/pico-sdk/src/rp2_common/pico_double/double_aeabi.S.obj
                0x0000000010003b80                __wrap___aeabi_d2iz
                0x0000000010003b80                double2int_z
 .text.__wrap___aeabi_d2uiz
                0x0000000010003bc8       0x18 CMakeFiles/mimik.dir/home/aayush/pico-sdk/src/rp2_common/pico_double/double_aeabi.S.obj
                0x0000000010003bc8                double2uint
                0x0000000010003bc8                __wrap___aeabi_d2uiz
 .text.__aeabi_double_init
                0x0000000010003be0       0x94 CMakeFiles/mimik.dir/home/aayush/pico-sdk/src/rp2_common/pico_double/double_init_rom.c.obj
                0x0000000010003be0                __aeabi_double_init
 .text.double_table_shim_on_use_helper
                0x0000000010003c74       0x2c CMakeFiles/mimik.dir/home/aayush/pico-sdk/src/rp2_common/pico_double/double_v1_rom_shim.S.obj
                0x0000000010003c74                double_table_shim_on_use_helper
 .text.__wrap___aeabi_dsub
                0x0000000010003ca0       0x10 CMakeFiles/mimik.dir/home/aayush/pico-sdk/src/rp2_common/pico_double/double_v1_rom_shim.S.obj
                0x0000000010003ca0                drsub_shim
                0x0000000010003ca6                dsub_shim
 .text.dadd_shim
                0x0000000010003cb0      0x15c CMakeFiles/mimik.dir/home/aayush/pico-sdk/src/rp2_common/pico_double/double_v1_rom_shim.S.obj
                0x0000000010003cb0                dadd_shim
 .text.dmul_shim
                0x0000000010003e0c      0x15c CMakeFiles/mimik.dir/home/aayush/pico-sdk/src/rp2_common/pico_double/double_v1_rom_shim.S.obj
                0x0000000010003e0c                dmul_shim
 .text.ddiv_shim
                0x0000000010003f68      0x1b0 CMakeFiles/mimik.dir/home/aayush/pico-sdk/src/rp2_common/pico_double/double_v1_rom_shim.S.obj
                0x0000000010003f68                ddiv_shim
 .text.double2uint_shim
                0x0000000010004118        0xe CMakeFiles/mimik.dir/home/aayush/pico-sdk/src/rp2_common/pico_double/double_v1_rom_shim.S.obj
                0x0000000010004118                double2uint_shim
                0x000000001000411a                double2ufix_shim
 *fill*         0x0000000010004126        0x2 
 .text.double2uint64_shim
                0x0000000010004128       0x70 CMakeFiles/mimik.dir/home/aayush/pico-sdk/src/rp2_common/pico_double/double_v1_rom_shim.S.obj
                0x0000000010004128                double2uint64_shim
                0x000000001000412a                double2ufix64_shim
                0x000000001000414a                d2fix_a
 .text.dunpacks
                0x0000000010004198       0x3c CMakeFiles/mimik.dir/home/aayush/pico-sdk/src/rp2_common/pico_double/double_v1_rom_shim.S.obj
                0x0000000010004198                dunpacks
 .text.__aeabi_lmul
                0x00000000100041d4       0x32 CMakeFiles/mimik.dir/home/aayush/pico-sdk/src/rp2_common/pico_int64_ops/pico_int64_ops_aeabi.S.obj
                0x00000000100041d4                __wrap___aeabi_lmul
 *fill*         0x0000000010004206        0x2 
 .text.__aeabi_float_init
                0x0000000010004208       0x64 CMakeFiles/mimik.dir/home/aayush/pico-sdk/src/rp2_common/pico_float/float_init_rom.c.obj
                0x0000000010004208                __aeabi_float_init
 .text.float_table_shim_on_use_helper
                0x000000001000426c       0x2c CMakeFiles/mimik.dir/home/aayush/pico-sdk/src/rp2_common/pico_float/float_v1_rom_shim.S.obj
                0x000000001000426c                float_table_shim_on_use_helper
 .text.__wrap_malloc
                0x0000000010004298       0x3c CMakeFiles/mimik.dir/home/aayush/pico-sdk/src/rp2_common/pico_malloc/pico_malloc.c.obj
                0x0000000010004298                __wrap_malloc
 .text.__wrap_calloc
                0x00000000100042d4       0x40 CMakeFiles/mimik.dir/home/aayush/pico-sdk/src/rp2_common/pico_malloc/pico_malloc.c.obj
                0x00000000100042d4                __wrap_calloc
 .text.__wrap_free
                0x0000000010004314       0x20 CMakeFiles/mimik.dir/home/aayush/pico-sdk/src/rp2_common/pico_malloc/pico_malloc.c.obj
                0x0000000010004314                __wrap_free
 .text          0x0000000010004334       0x10 CMakeFiles/mimik.dir/home/aayush/pico-sdk/src/rp2_common/pico_mem_ops/mem_ops_aeabi.S.obj
                0x0000000010004334                __aeabi_mem_init
 .text.memset   0x0000000010004344        0xc CMakeFiles/mimik.dir/home/aayush/pico-sdk/src/rp2_common/pico_mem_ops/mem_ops_aeabi.S.obj
                0x0000000010004344                __wrap_memset
 .text.memcpy   0x0000000010004350        0xc CMakeFiles/mimik.dir/home/aayush/pico-sdk/src/rp2_common/pico_mem_ops/mem_ops_aeabi.S.obj
                0x0000000010004350                __wrap___aeabi_memcpy
                0x0000000010004350                __wrap_memcpy
 .text.stdio_out_chars_no_crlf
                0x000000001000435c       0x10 CMakeFiles/mimik.dir/home/aayush/pico-sdk/src/rp2_common/pico_stdio/stdio.c.obj
 .text.stdio_out_chars_crlf
                0x000000001000436c       0xb4 CMakeFiles/mimik.dir/home/aayush/pico-sdk/src/rp2_common/pico_stdio/stdio.c.obj
 .text.stdio_buffered_printer
                0x0000000010004420       0x64 CMakeFiles/mimik.dir/home/aayush/pico-sdk/src/rp2_common/pico_stdio/stdio.c.obj
 .text.stdio_put_string.isra.0
                0x0000000010004484       0xfc CMakeFiles/mimik.dir/home/aayush/pico-sdk/src/rp2_common/pico_stdio/stdio.c.obj
 .text.__wrap_putchar
                0x0000000010004580       0x98 CMakeFiles/mimik.dir/home/aayush/pico-sdk/src/rp2_common/pico_stdio/stdio.c.obj
                0x0000000010004580                __wrap_putchar
 .text.__wrap_puts
                0x0000000010004618       0x3c CMakeFiles/mimik.dir/home/aayush/pico-sdk/src/rp2_common/pico_stdio/stdio.c.obj
                0x0000000010004618                __wrap_puts
 .text.stdio_set_driver_enabled
                0x0000000010004654       0x30 CMakeFiles/mimik.dir/home/aayush/pico-sdk/src/rp2_common/pico_stdio/stdio.c.obj
                0x0000000010004654                stdio_set_driver_enabled
 .text.__wrap_vprintf
                0x0000000010004684       0xd8 CMakeFiles/mimik.dir/home/aayush/pico-sdk/src/rp2_common/pico_stdio/stdio.c.obj
                0x0000000010004684                __wrap_vprintf
 .text.__wrap_printf
                0x000000001000475c       0x18 CMakeFiles/mimik.dir/home/aayush/pico-sdk/src/rp2_common/pico_stdio/stdio.c.obj
                0x000000001000475c                __wrap_printf
 .text.stdio_init_all
                0x0000000010004774        0xc CMakeFiles/mimik.dir/home/aayush/pico-sdk/src/rp2_common/pico_stdio/stdio.c.obj
                0x0000000010004774                stdio_init_all
 .text.stdio_uart_out_chars
                0x0000000010004780       0x4c CMakeFiles/mimik.dir/home/aayush/pico-sdk/src/rp2_common/pico_stdio_uart/stdio_uart.c.obj
 .text.stdio_uart_in_chars
                0x00000000100047cc       0x84 CMakeFiles/mimik.dir/home/aayush/pico-sdk/src/rp2_common/pico_stdio_uart/stdio_uart.c.obj
                0x00000000100047cc                stdio_uart_in_chars
 .text.on_uart_rx
                0x0000000010004850       0x28 CMakeFiles/mimik.dir/home/aayush/pico-sdk/src/rp2_common/pico_stdio_uart/stdio_uart.c.obj
 .text.stdio_uart_set_chars_available_callback
                0x0000000010004878       0x8c CMakeFiles/mimik.dir/home/aayush/pico-sdk/src/rp2_common/pico_stdio_uart/stdio_uart.c.obj
 .text.stdio_uart_init
                0x0000000010004904       0x48 CMakeFiles/mimik.dir/home/aayush/pico-sdk/src/rp2_common/pico_stdio_uart/stdio_uart.c.obj
                0x0000000010004904                stdio_uart_init
 .text.stdio_uart_init_full
                0x000000001000494c       0x3c CMakeFiles/mimik.dir/home/aayush/pico-sdk/src/rp2_common/pico_stdio_uart/stdio_uart.c.obj
                0x000000001000494c                stdio_uart_init_full
 .text.spi_init
                0x0000000010004988      0x138 CMakeFiles/mimik.dir/home/aayush/pico-sdk/src/rp2_common/hardware_spi/spi.c.obj
                0x0000000010004988                spi_init
 .text.i2c_set_baudrate
                0x0000000010004ac0       0xc4 CMakeFiles/mimik.dir/home/aayush/pico-sdk/src/rp2_common/hardware_i2c/i2c.c.obj
                0x0000000010004ac0                i2c_set_baudrate
 .text.i2c_init
                0x0000000010004b84       0x54 CMakeFiles/mimik.dir/home/aayush/pico-sdk/src/rp2_common/hardware_i2c/i2c.c.obj
                0x0000000010004b84                i2c_init
 .text.dcd_int_enable
                0x0000000010004bd8        0xc CMakeFiles/mimik.dir/home/aayush/pico-sdk/lib/tinyusb/src/portable/raspberrypi/rp2040/dcd_rp2040.c.obj
                0x0000000010004bd8                dcd_int_enable
 .text.dcd_set_address
                0x0000000010004be4       0x14 CMakeFiles/mimik.dir/home/aayush/pico-sdk/lib/tinyusb/src/portable/raspberrypi/rp2040/dcd_rp2040.c.obj
                0x0000000010004be4                dcd_set_address
 .text.dcd_remote_wakeup
                0x0000000010004bf8       0x18 CMakeFiles/mimik.dir/home/aayush/pico-sdk/lib/tinyusb/src/portable/raspberrypi/rp2040/dcd_rp2040.c.obj
                0x0000000010004bf8                dcd_remote_wakeup
 .text.dcd_connect
                0x0000000010004c10       0x10 CMakeFiles/mimik.dir/home/aayush/pico-sdk/lib/tinyusb/src/portable/raspberrypi/rp2040/dcd_rp2040.c.obj
                0x0000000010004c10                dcd_connect
 .text.dcd_init
                0x0000000010004c20       0x98 CMakeFiles/mimik.dir/home/aayush/pico-sdk/lib/tinyusb/src/portable/raspberrypi/rp2040/dcd_rp2040.c.obj
                0x0000000010004c20                dcd_init
 .text.dcd_edpt0_status_complete
                0x0000000010004cb8       0x1c CMakeFiles/mimik.dir/home/aayush/pico-sdk/lib/tinyusb/src/portable/raspberrypi/rp2040/dcd_rp2040.c.obj
                0x0000000010004cb8                dcd_edpt0_status_complete
 .text.dcd_edpt_open
                0x0000000010004cd4      0x108 CMakeFiles/mimik.dir/home/aayush/pico-sdk/lib/tinyusb/src/portable/raspberrypi/rp2040/dcd_rp2040.c.obj
                0x0000000010004cd4                dcd_edpt_open
 .text.dcd_edpt_close_all
                0x0000000010004ddc        0x8 CMakeFiles/mimik.dir/home/aayush/pico-sdk/lib/tinyusb/src/portable/raspberrypi/rp2040/dcd_rp2040.c.obj
                0x0000000010004ddc                dcd_edpt_close_all
 .text.dcd_edpt_xfer
                0x0000000010004de4       0x24 CMakeFiles/mimik.dir/home/aayush/pico-sdk/lib/tinyusb/src/portable/raspberrypi/rp2040/dcd_rp2040.c.obj
                0x0000000010004de4                dcd_edpt_xfer
 .text.dcd_edpt_stall
                0x0000000010004e08       0x38 CMakeFiles/mimik.dir/home/aayush/pico-sdk/lib/tinyusb/src/portable/raspberrypi/rp2040/dcd_rp2040.c.obj
                0x0000000010004e08                dcd_edpt_stall
 .text.dcd_edpt_clear_stall
                0x0000000010004e40       0x30 CMakeFiles/mimik.dir/home/aayush/pico-sdk/lib/tinyusb/src/portable/raspberrypi/rp2040/dcd_rp2040.c.obj
                0x0000000010004e40                dcd_edpt_clear_stall
 .text.rp2040_usb_init
                0x0000000010004e70       0x4c CMakeFiles/mimik.dir/home/aayush/pico-sdk/lib/tinyusb/src/portable/raspberrypi/rp2040/rp2040_usb.c.obj
                0x0000000010004e70                rp2040_usb_init
 .text.hw_endpoint_xfer_start
                0x0000000010004ebc       0x50 CMakeFiles/mimik.dir/home/aayush/pico-sdk/lib/tinyusb/src/portable/raspberrypi/rp2040/rp2040_usb.c.obj
                0x0000000010004ebc                hw_endpoint_xfer_start
 .text.tud_mounted
                0x0000000010004f0c       0x10 CMakeFiles/mimik.dir/home/aayush/pico-sdk/lib/tinyusb/src/device/usbd.c.obj
                0x0000000010004f0c                tud_mounted
 .text.tud_suspended
                0x0000000010004f1c       0x10 CMakeFiles/mimik.dir/home/aayush/pico-sdk/lib/tinyusb/src/device/usbd.c.obj
                0x0000000010004f1c                tud_suspended
 .text.tud_remote_wakeup
                0x0000000010004f2c       0x30 CMakeFiles/mimik.dir/home/aayush/pico-sdk/lib/tinyusb/src/device/usbd.c.obj
                0x0000000010004f2c                tud_remote_wakeup
 .text.tud_inited
                0x0000000010004f5c       0x14 CMakeFiles/mimik.dir/home/aayush/pico-sdk/lib/tinyusb/src/device/usbd.c.obj
                0x0000000010004f5c                tud_inited
 .text.tud_init
                0x0000000010004f70       0xe4 CMakeFiles/mimik.dir/home/aayush/pico-sdk/lib/tinyusb/src/device/usbd.c.obj
                0x0000000010004f70                tud_init
 .text.tud_task_ext
                0x0000000010005054      0x870 CMakeFiles/mimik.dir/home/aayush/pico-sdk/lib/tinyusb/src/device/usbd.c.obj
                0x0000000010005054                tud_task_ext
 .text.usbd_open_edpt_pair
                0x00000000100058c4       0x9c CMakeFiles/mimik.dir/home/aayush/pico-sdk/lib/tinyusb/src/device/usbd.c.obj
                0x00000000100058c4                usbd_open_edpt_pair
 .text.usbd_edpt_claim
                0x0000000010005960       0x28 CMakeFiles/mimik.dir/home/aayush/pico-sdk/lib/tinyusb/src/device/usbd.c.obj
                0x0000000010005960                usbd_edpt_claim
 .text.usbd_edpt_xfer
                0x0000000010005988       0x4c CMakeFiles/mimik.dir/home/aayush/pico-sdk/lib/tinyusb/src/device/usbd.c.obj
                0x0000000010005988                usbd_edpt_xfer
 .text.usbd_edpt_busy
                0x00000000100059d4       0x1c CMakeFiles/mimik.dir/home/aayush/pico-sdk/lib/tinyusb/src/device/usbd.c.obj
                0x00000000100059d4                usbd_edpt_busy
 .text.tud_control_status
                0x00000000100059f0       0x30 CMakeFiles/mimik.dir/home/aayush/pico-sdk/lib/tinyusb/src/device/usbd_control.c.obj
                0x00000000100059f0                tud_control_status
 .text.tud_control_xfer
                0x0000000010005a20       0xbc CMakeFiles/mimik.dir/home/aayush/pico-sdk/lib/tinyusb/src/device/usbd_control.c.obj
                0x0000000010005a20                tud_control_xfer
 .text.usbd_control_reset
                0x0000000010005adc       0x14 CMakeFiles/mimik.dir/home/aayush/pico-sdk/lib/tinyusb/src/device/usbd_control.c.obj
                0x0000000010005adc                usbd_control_reset
 .text.usbd_control_set_complete_callback
                0x0000000010005af0        0xc CMakeFiles/mimik.dir/home/aayush/pico-sdk/lib/tinyusb/src/device/usbd_control.c.obj
                0x0000000010005af0                usbd_control_set_complete_callback
 .text.usbd_control_set_request
                0x0000000010005afc       0x1c CMakeFiles/mimik.dir/home/aayush/pico-sdk/lib/tinyusb/src/device/usbd_control.c.obj
                0x0000000010005afc                usbd_control_set_request
 .text.usbd_control_xfer_cb
                0x0000000010005b18       0xfc CMakeFiles/mimik.dir/home/aayush/pico-sdk/lib/tinyusb/src/device/usbd_control.c.obj
                0x0000000010005b18                usbd_control_xfer_cb
 .text.tud_hid_n_ready
                0x0000000010005c14       0x38 CMakeFiles/mimik.dir/home/aayush/pico-sdk/lib/tinyusb/src/class/hid/hid_device.c.obj
                0x0000000010005c14                tud_hid_n_ready
 .text.tud_hid_n_keyboard_report
                0x0000000010005c4c       0x8c CMakeFiles/mimik.dir/home/aayush/pico-sdk/lib/tinyusb/src/class/hid/hid_device.c.obj
                0x0000000010005c4c                tud_hid_n_keyboard_report
 .text.hidd_init
                0x0000000010005cd8       0x14 CMakeFiles/mimik.dir/home/aayush/pico-sdk/lib/tinyusb/src/class/hid/hid_device.c.obj
                0x0000000010005cd8                hidd_init
 .text.hidd_reset
                0x0000000010005cec       0x14 CMakeFiles/mimik.dir/home/aayush/pico-sdk/lib/tinyusb/src/class/hid/hid_device.c.obj
                0x0000000010005cec                hidd_reset
 .text.hidd_open
                0x0000000010005d00       0x8c CMakeFiles/mimik.dir/home/aayush/pico-sdk/lib/tinyusb/src/class/hid/hid_device.c.obj
                0x0000000010005d00                hidd_open
 .text.hidd_control_xfer_cb
                0x0000000010005d8c      0x1a8 CMakeFiles/mimik.dir/home/aayush/pico-sdk/lib/tinyusb/src/class/hid/hid_device.c.obj
                0x0000000010005d8c                hidd_control_xfer_cb
 .text.hidd_xfer_cb
                0x0000000010005f34       0x64 CMakeFiles/mimik.dir/home/aayush/pico-sdk/lib/tinyusb/src/class/hid/hid_device.c.obj
                0x0000000010005f34                hidd_xfer_cb
 .text.tusb_init
                0x0000000010005f98        0xc CMakeFiles/mimik.dir/home/aayush/pico-sdk/lib/tinyusb/src/tusb.c.obj
                0x0000000010005f98                tusb_init
 .text.tusb_inited
                0x0000000010005fa4        0x8 CMakeFiles/mimik.dir/home/aayush/pico-sdk/lib/tinyusb/src/tusb.c.obj
                0x0000000010005fa4                tusb_inited
 .text.tu_edpt_claim
                0x0000000010005fac       0x50 CMakeFiles/mimik.dir/home/aayush/pico-sdk/lib/tinyusb/src/tusb.c.obj
                0x0000000010005fac                tu_edpt_claim
 .text.tu_edpt_validate
                0x0000000010005ffc       0x78 CMakeFiles/mimik.dir/home/aayush/pico-sdk/lib/tinyusb/src/tusb.c.obj
                0x0000000010005ffc                tu_edpt_validate
 .text.tu_edpt_bind_driver
                0x0000000010006074       0x34 CMakeFiles/mimik.dir/home/aayush/pico-sdk/lib/tinyusb/src/tusb.c.obj
                0x0000000010006074                tu_edpt_bind_driver
 .text.tu_fifo_read
                0x00000000100060a8       0xa0 CMakeFiles/mimik.dir/home/aayush/pico-sdk/lib/tinyusb/src/common/tusb_fifo.c.obj
                0x00000000100060a8                tu_fifo_read
 .text.tu_fifo_write
                0x0000000010006148       0x88 CMakeFiles/mimik.dir/home/aayush/pico-sdk/lib/tinyusb/src/common/tusb_fifo.c.obj
                0x0000000010006148                tu_fifo_write
 .text.tu_fifo_clear
                0x00000000100061d0       0x40 CMakeFiles/mimik.dir/home/aayush/pico-sdk/lib/tinyusb/src/common/tusb_fifo.c.obj
                0x00000000100061d0                tu_fifo_clear
 .text.board_init
                0x0000000010006210       0x30 CMakeFiles/mimik.dir/home/aayush/pico-sdk/lib/tinyusb/hw/bsp/rp2040/family.c.obj
                0x0000000010006210                board_init
 .text.get_col_names
                0x0000000010006240      0x168 src/libsrc.a(normal_mode.c.obj)
                0x0000000010006240                get_col_names
 .text.init_config_file
                0x00000000100063a8       0xa8 src/libsrc.a(normal_mode.c.obj)
                0x00000000100063a8                init_config_file
 .text.setup_inf
                0x0000000010006450      0x17c src/libsrc.a(normal_mode.c.obj)
                0x0000000010006450                setup_inf
 .text.draw_menu_tray
                0x00000000100065cc       0xb8 src/libsrc.a(normal_mode.c.obj)
                0x00000000100065cc                draw_menu_tray
 .text.redraw.constprop.0
                0x0000000010006684      0x144 src/libsrc.a(normal_mode.c.obj)
 .text.setup_screen
                0x00000000100067c8       0x5c src/libsrc.a(normal_mode.c.obj)
                0x00000000100067c8                setup_screen
 .text.bootlogo_screen
                0x0000000010006824       0x48 src/libsrc.a(normal_mode.c.obj)
                0x0000000010006824                bootlogo_screen
 .text.redraw   0x000000001000686c      0x14c src/libsrc.a(normal_mode.c.obj)
                0x000000001000686c                redraw
 .text.joystick_handler.part.0
                0x00000000100069b8       0xa4 src/libsrc.a(normal_mode.c.obj)
 .text.view_script_screen
                0x0000000010006a5c      0x1c0 src/libsrc.a(normal_mode.c.obj)
                0x0000000010006a5c                view_script_screen
 .text.settings_screen
                0x0000000010006c1c      0x1a8 src/libsrc.a(normal_mode.c.obj)
                0x0000000010006c1c                settings_screen
 .text.home_screen
                0x0000000010006dc4      0x564 src/libsrc.a(normal_mode.c.obj)
                0x0000000010006dc4                home_screen
 .text.pico_hal_erase
                0x0000000010007328       0x28 src/libsrc.a(init_filesystem.c.obj)
 .text.pico_hal_prog
                0x0000000010007350       0x34 src/libsrc.a(init_filesystem.c.obj)
 .text.pico_hal_read
                0x0000000010007384       0x30 src/libsrc.a(init_filesystem.c.obj)
 .text.lfs_init
                0x00000000100073b4       0xcc src/libsrc.a(init_filesystem.c.obj)
                0x00000000100073b4                lfs_init
 .text.get_files
                0x0000000010007480      0x120 src/libsrc.a(init_filesystem.c.obj)
                0x0000000010007480                get_files
 .text.lfs_read
                0x00000000100075a0       0x6c src/libsrc.a(init_filesystem.c.obj)
                0x00000000100075a0                lfs_read
 .text.lfs_delete
                0x000000001000760c       0xac src/libsrc.a(init_filesystem.c.obj)
                0x000000001000760c                lfs_delete
 .text.config_generator
                0x00000000100076b8       0xd0 src/libsrc.a(init_filesystem.c.obj)
                0x00000000100076b8                config_generator
 .text.read_config
                0x0000000010007788       0xd4 src/libsrc.a(init_filesystem.c.obj)
                0x0000000010007788                read_config
 .text.lfs_create_files
                0x000000001000785c       0x6c src/libsrc.a(init_filesystem.c.obj)
                0x000000001000785c                lfs_create_files
 .text.LCD_2IN_Init
                0x00000000100078c8      0x8f0 lib/LCD/libLCD.a(LCD_2in.c.obj)
                0x00000000100078c8                LCD_2IN_Init
 .text.LCD_2IN_Clear
                0x00000000100081b8      0x194 lib/LCD/libLCD.a(LCD_2in.c.obj)
                0x00000000100081b8                LCD_2IN_Clear
 .text.LCD_2IN_Display
                0x000000001000834c      0x1b8 lib/LCD/libLCD.a(LCD_2in.c.obj)
                0x000000001000834c                LCD_2IN_Display
 .text.SET_Infrared_PIN
                0x0000000010008504       0x20 lib/Infrared/libInfrared.a(Infrared.c.obj)
                0x0000000010008504                SET_Infrared_PIN
 .text.Paint_SetPixel.part.0
                0x0000000010008524      0x12c lib/GUI/libGUI.a(GUI_Paint.c.obj)
 .text.Paint_DrawChar.part.0
                0x0000000010008650       0xe8 lib/GUI/libGUI.a(GUI_Paint.c.obj)
 .text.Paint_DrawLine.constprop.0
                0x0000000010008738      0x404 lib/GUI/libGUI.a(GUI_Paint.c.obj)
 .text.Paint_DrawPoint.constprop.1
                0x0000000010008b3c      0x314 lib/GUI/libGUI.a(GUI_Paint.c.obj)
 .text.Paint_NewImage
                0x0000000010008e50       0x44 lib/GUI/libGUI.a(GUI_Paint.c.obj)
                0x0000000010008e50                Paint_NewImage
 .text.Paint_SetRotate
                0x0000000010008e94       0x20 lib/GUI/libGUI.a(GUI_Paint.c.obj)
                0x0000000010008e94                Paint_SetRotate
 .text.Paint_SetScale
                0x0000000010008eb4       0x6c lib/GUI/libGUI.a(GUI_Paint.c.obj)
                0x0000000010008eb4                Paint_SetScale
 .text.Paint_Clear
                0x0000000010008f20       0xc4 lib/GUI/libGUI.a(GUI_Paint.c.obj)
                0x0000000010008f20                Paint_Clear
 .text.Paint_ClearWindows
                0x0000000010008fe4      0x1a8 lib/GUI/libGUI.a(GUI_Paint.c.obj)
                0x0000000010008fe4                Paint_ClearWindows
 .text.Paint_DrawRectangle
                0x000000001000918c      0x128 lib/GUI/libGUI.a(GUI_Paint.c.obj)
                0x000000001000918c                Paint_DrawRectangle
 .text.Paint_DrawString_EN
                0x00000000100092b4       0xa4 lib/GUI/libGUI.a(GUI_Paint.c.obj)
                0x00000000100092b4                Paint_DrawString_EN
 .text.DEV_Digital_Write
                0x0000000010009358       0x14 lib/Config/libConfig.a(DEV_Config.c.obj)
                0x0000000010009358                DEV_Digital_Write
 .text.DEV_Digital_Read
                0x000000001000936c       0x10 lib/Config/libConfig.a(DEV_Config.c.obj)
                0x000000001000936c                DEV_Digital_Read
 .text.DEV_SPI_WriteByte
                0x000000001000937c       0x1c lib/Config/libConfig.a(DEV_Config.c.obj)
                0x000000001000937c                DEV_SPI_WriteByte
 .text.DEV_SPI_Write_nByte
                0x0000000010009398       0x14 lib/Config/libConfig.a(DEV_Config.c.obj)
                0x0000000010009398                DEV_SPI_Write_nByte
 .text.DEV_GPIO_Mode
                0x00000000100093ac       0x20 lib/Config/libConfig.a(DEV_Config.c.obj)
                0x00000000100093ac                DEV_GPIO_Mode
 .text.DEV_Delay_ms
                0x00000000100093cc        0x8 lib/Config/libConfig.a(DEV_Config.c.obj)
                0x00000000100093cc                DEV_Delay_ms
 .text.DEV_Module_Init
                0x00000000100093d4      0x104 lib/Config/libConfig.a(DEV_Config.c.obj)
                0x00000000100093d4                DEV_Module_Init
 .text.DEV_SET_PWM
                0x00000000100094d8       0x40 lib/Config/libConfig.a(DEV_Config.c.obj)
                0x00000000100094d8                DEV_SET_PWM
 .text          0x0000000010009518     0x7500 lib/lfs/liblfs.a(lfs.c.obj)
                0x000000001000f0cc                lfs_format
                0x000000001000f1c8                lfs_mount
                0x000000001000f3e4                lfs_unmount
                0x000000001000f428                lfs_remove
                0x000000001000f5f8                lfs_rename
                0x000000001000fa64                lfs_stat
                0x000000001000fa8c                lfs_getattr
                0x000000001000fb14                lfs_setattr
                0x000000001000fb8c                lfs_removeattr
                0x000000001000fbf4                lfs_file_open
                0x000000001000fe70                lfs_file_opencfg
                0x00000000100100e4                lfs_file_close
                0x00000000100101c8                lfs_file_sync
                0x0000000010010270                lfs_file_read
                0x0000000010010278                lfs_file_write
                0x0000000010010280                lfs_file_seek
                0x00000000100102dc                lfs_file_truncate
                0x00000000100103e4                lfs_file_tell
                0x00000000100103e8                lfs_file_rewind
                0x000000001001040c                lfs_file_size
                0x0000000010010424                lfs_mkdir
                0x00000000100105d8                lfs_dir_open
                0x000000001001066c                lfs_dir_close
                0x0000000010010698                lfs_dir_read
                0x0000000010010748                lfs_dir_seek
                0x0000000010010820                lfs_dir_tell
                0x0000000010010824                lfs_dir_rewind
                0x000000001001084c                lfs_fs_size
                0x0000000010010864                lfs_fs_traverse
                0x00000000100109e4                lfs_crc
 .text.getcodes
                0x0000000010010a18       0xc0 lib/USB/libUSB.a(script_injection.c.obj)
                0x0000000010010a18                getcodes
 .text.hid_init
                0x0000000010010ad8        0xc lib/USB/libUSB.a(script_injection.c.obj)
                0x0000000010010ad8                hid_init
 .text.hid_run  0x0000000010010ae4       0x20 lib/USB/libUSB.a(script_injection.c.obj)
                0x0000000010010ae4                hid_run
 .text.tud_hid_report_complete_cb
                0x0000000010010b04        0x4 lib/USB/libUSB.a(script_injection.c.obj)
                0x0000000010010b04                tud_hid_report_complete_cb
 .text.tud_hid_get_report_cb
                0x0000000010010b08       0x10 lib/USB/libUSB.a(script_injection.c.obj)
                0x0000000010010b08                tud_hid_get_report_cb
 .text.tud_hid_set_report_cb
                0x0000000010010b18       0x28 lib/USB/libUSB.a(script_injection.c.obj)
                0x0000000010010b18                tud_hid_set_report_cb
 .text.tud_mount_cb
                0x0000000010010b40        0x4 lib/USB/libUSB.a(script_injection.c.obj)
                0x0000000010010b40                tud_mount_cb
 .text.tud_umount_cb
                0x0000000010010b44        0x4 lib/USB/libUSB.a(script_injection.c.obj)
                0x0000000010010b44                tud_umount_cb
 .text.tud_suspend_cb
                0x0000000010010b48        0x4 lib/USB/libUSB.a(script_injection.c.obj)
                0x0000000010010b48                tud_suspend_cb
 .text.tud_resume_cb
                0x0000000010010b4c        0x4 lib/USB/libUSB.a(script_injection.c.obj)
                0x0000000010010b4c                tud_resume_cb
 .text.op_press
                0x0000000010010b50      0x290 lib/USB/libUSB.a(script_injection.c.obj)
                0x0000000010010b50                op_press
 .text.toggle_capslock
                0x0000000010010de0       0x78 lib/USB/libUSB.a(script_injection.c.obj)
                0x0000000010010de0                toggle_capslock
 .text.op_write
                0x0000000010010e58      0x1f0 lib/USB/libUSB.a(script_injection.c.obj)
                0x0000000010010e58                op_write
 .text.parsing_mechanism
                0x0000000010011048      0x430 lib/USB/libUSB.a(script_injection.c.obj)
                0x0000000010011048                parsing_mechanism
 .text.tud_descriptor_device_cb
                0x0000000010011478        0x8 lib/USB/libUSB.a(usb_descriptors.c.obj)
                0x0000000010011478                tud_descriptor_device_cb
 .text.tud_hid_descriptor_report_cb
                0x0000000010011480        0x8 lib/USB/libUSB.a(usb_descriptors.c.obj)
                0x0000000010011480                tud_hid_descriptor_report_cb
 .text.tud_descriptor_configuration_cb
                0x0000000010011488        0x8 lib/USB/libUSB.a(usb_descriptors.c.obj)
                0x0000000010011488                tud_descriptor_configuration_cb
 .text.tud_descriptor_string_cb
                0x0000000010011490       0x80 lib/USB/libUSB.a(usb_descriptors.c.obj)
                0x0000000010011490                tud_descriptor_string_cb
 .text          0x0000000010011510       0x18 /usr/lib/gcc/arm-none-eabi/10.3.1/../../../arm-none-eabi/lib/thumb/v6-m/nofp/libc.a(lib_a-calloc.o)
                0x0000000010011510                calloc
 .text          0x0000000010011528       0x5c /usr/lib/gcc/arm-none-eabi/10.3.1/../../../arm-none-eabi/lib/thumb/v6-m/nofp/libc.a(lib_a-callocr.o)
                0x0000000010011528                _calloc_r
 .text          0x0000000010011584       0x28 /usr/lib/gcc/arm-none-eabi/10.3.1/../../../arm-none-eabi/lib/thumb/v6-m/nofp/libc.a(lib_a-malloc.o)
                0x0000000010011584                malloc
                0x0000000010011598                free
 .text          0x00000000100115ac      0x574 /usr/lib/gcc/arm-none-eabi/10.3.1/../../../arm-none-eabi/lib/thumb/v6-m/nofp/libc.a(lib_a-mallocr.o)
                0x00000000100115ac                _malloc_r
 .text          0x0000000010011b20        0x8 /usr/lib/gcc/arm-none-eabi/10.3.1/../../../arm-none-eabi/lib/thumb/v6-m/nofp/libc.a(lib_a-mlock.o)
                0x0000000010011b20                __malloc_lock
                0x0000000010011b24                __malloc_unlock
 .text          0x0000000010011b28       0x24 /usr/lib/gcc/arm-none-eabi/10.3.1/../../../arm-none-eabi/lib/thumb/v6-m/nofp/libc.a(lib_a-sbrkr.o)
                0x0000000010011b28                _sbrk_r
 .text          0x0000000010011b4c       0xc0 /usr/lib/gcc/arm-none-eabi/10.3.1/../../../arm-none-eabi/lib/thumb/v6-m/nofp/libc.a(lib_a-strchr.o)
                0x0000000010011b4c                strchr
 .text          0x0000000010011c0c       0x88 /usr/lib/gcc/arm-none-eabi/10.3.1/../../../arm-none-eabi/lib/thumb/v6-m/nofp/libc.a(lib_a-strcmp.o)
                0x0000000010011c0c                strcmp
 .text          0x0000000010011c94       0x34 /usr/lib/gcc/arm-none-eabi/10.3.1/../../../arm-none-eabi/lib/thumb/v6-m/nofp/libc.a(lib_a-strcspn.o)
                0x0000000010011c94                strcspn
 .text          0x0000000010011cc8       0x5c /usr/lib/gcc/arm-none-eabi/10.3.1/../../../arm-none-eabi/lib/thumb/v6-m/nofp/libc.a(lib_a-strlen-stub.o)
                0x0000000010011cc8                strlen
 .text          0x0000000010011d24       0x34 /usr/lib/gcc/arm-none-eabi/10.3.1/../../../arm-none-eabi/lib/thumb/v6-m/nofp/libc.a(lib_a-strspn.o)
                0x0000000010011d24                strspn
 .text          0x0000000010011d58      0x260 /usr/lib/gcc/arm-none-eabi/10.3.1/../../../arm-none-eabi/lib/thumb/v6-m/nofp/libc.a(lib_a-freer.o)
                0x0000000010011d58                _malloc_trim_r
                0x0000000010011df4                _free_r
 *(.fini)
 .fini          0x0000000010011fb8        0x4 /usr/lib/gcc/arm-none-eabi/10.3.1/thumb/v6-m/nofp/crti.o
                0x0000000010011fb8                _fini
 *fill*         0x0000000010011fbc        0x4 
 .fini.__stub   0x0000000010011fc0      0x100 linker stubs
 *crtbegin.o(.ctors)
 *crtbegin?.o(.ctors)
 *(EXCLUDE_FILE(*crtend.o *crtend?.o) .ctors)
 *(SORT_BY_NAME(.ctors.*))
 *(.ctors)
 *crtbegin.o(.dtors)
 *crtbegin?.o(.dtors)
 *(EXCLUDE_FILE(*crtend.o *crtend?.o) .dtors)
 *(SORT_BY_NAME(.dtors.*))
 *(.dtors)
 *(.eh_frame*)
 .eh_frame      0x00000000100120c0        0x0 /usr/lib/gcc/arm-none-eabi/10.3.1/thumb/v6-m/nofp/crtbegin.o
                0x00000000100120c0                . = ALIGN (0x4)

.glue_7         0x00000000100120c0        0x0
 .glue_7        0x00000000100120c0        0x0 linker stubs

.glue_7t        0x00000000100120c0        0x0
 .glue_7t       0x00000000100120c0        0x0 linker stubs

.vfp11_veneer   0x00000000100120c0        0x0
 .vfp11_veneer  0x00000000100120c0        0x0 linker stubs

.v4_bx          0x00000000100120c0        0x0
 .v4_bx         0x00000000100120c0        0x0 linker stubs

.iplt           0x00000000100120c0        0x0
 .iplt          0x00000000100120c0        0x0 /usr/lib/gcc/arm-none-eabi/10.3.1/thumb/v6-m/nofp/crtbegin.o

.rodata         0x00000000100120c0     0x3288
 *(EXCLUDE_FILE(*libm.a: *libc.a:*lib_a-mem*.o *libgcc.a:) .rodata*)
 .rodata.main.str1.4
                0x00000000100120c0       0x34 CMakeFiles/mimik.dir/mimik.c.obj
 .rodata.spin_lock_claim_unused.str1.4
                0x00000000100120f4       0x1b CMakeFiles/mimik.dir/home/aayush/pico-sdk/src/rp2_common/hardware_sync/sync.c.obj
 *fill*         0x000000001001210f        0x1 
 .rodata.hardware_alarm_claim.str1.4
                0x0000000010012110       0x22 CMakeFiles/mimik.dir/home/aayush/pico-sdk/src/rp2_common/hardware_timer/timer.c.obj
 *fill*         0x0000000010012132        0x2 
 .rodata.panic.str1.4
                0x0000000010012134       0x10 CMakeFiles/mimik.dir/home/aayush/pico-sdk/src/rp2_common/pico_runtime/runtime.c.obj
                                         0x12 (size before relaxing)
 .rodata.hard_assertion_failure.str1.4
                0x0000000010012144        0xc CMakeFiles/mimik.dir/home/aayush/pico-sdk/src/rp2_common/pico_runtime/runtime.c.obj
 .rodata._ftoa.str1.4
                0x0000000010012150       0x15 CMakeFiles/mimik.dir/home/aayush/pico-sdk/src/rp2_common/pico_printf/printf.c.obj
 *fill*         0x0000000010012165        0x3 
 .rodata._vsnprintf
                0x0000000010012168      0x1e0 CMakeFiles/mimik.dir/home/aayush/pico-sdk/src/rp2_common/pico_printf/printf.c.obj
 .rodata.pow10.0
                0x0000000010012348       0x50 CMakeFiles/mimik.dir/home/aayush/pico-sdk/src/rp2_common/pico_printf/printf.c.obj
 .rodata.__wrap_malloc.str1.4
                0x0000000010012398        0xe CMakeFiles/mimik.dir/home/aayush/pico-sdk/src/rp2_common/pico_malloc/pico_malloc.c.obj
 *fill*         0x00000000100123a6        0x2 
 .rodata.str1.4
                0x00000000100123a8       0x3c CMakeFiles/mimik.dir/home/aayush/pico-sdk/src/rp2_common/pico_standard_link/binary_info.c.obj
 .rodata.__bi_44
                0x00000000100123e4        0xc CMakeFiles/mimik.dir/home/aayush/pico-sdk/src/rp2_common/pico_standard_link/binary_info.c.obj
 .rodata.__bi_75
                0x00000000100123f0        0xc CMakeFiles/mimik.dir/home/aayush/pico-sdk/src/rp2_common/pico_standard_link/binary_info.c.obj
 .rodata.__bi_81
                0x00000000100123fc        0xc CMakeFiles/mimik.dir/home/aayush/pico-sdk/src/rp2_common/pico_standard_link/binary_info.c.obj
 .rodata.crlf_str.0
                0x0000000010012408        0x2 CMakeFiles/mimik.dir/home/aayush/pico-sdk/src/rp2_common/pico_stdio/stdio.c.obj
 *fill*         0x000000001001240a        0x2 
 .rodata.str1.4
                0x000000001001240c       0x2c CMakeFiles/mimik.dir/home/aayush/pico-sdk/src/rp2_common/pico_stdio_uart/stdio_uart.c.obj
 .rodata.__bi_33.4
                0x0000000010012438        0xc CMakeFiles/mimik.dir/home/aayush/pico-sdk/src/rp2_common/pico_stdio_uart/stdio_uart.c.obj
 .rodata.__bi_34.5
                0x0000000010012444        0x8 CMakeFiles/mimik.dir/home/aayush/pico-sdk/src/rp2_common/pico_stdio_uart/stdio_uart.c.obj
 .rodata.str1.4
                0x000000001001244c       0x14 CMakeFiles/mimik.dir/home/aayush/pico-sdk/lib/tinyusb/src/portable/raspberrypi/rp2040/dcd_rp2040.c.obj
 .rodata.str1.4
                0x0000000010012460       0x49 CMakeFiles/mimik.dir/home/aayush/pico-sdk/lib/tinyusb/src/portable/raspberrypi/rp2040/rp2040_usb.c.obj
                                         0x53 (size before relaxing)
 *fill*         0x00000000100124a9        0x3 
 .rodata.tud_task_ext
                0x00000000100124ac       0x8c CMakeFiles/mimik.dir/home/aayush/pico-sdk/lib/tinyusb/src/device/usbd.c.obj
 .rodata._usbd_driver
                0x0000000010012538       0x18 CMakeFiles/mimik.dir/home/aayush/pico-sdk/lib/tinyusb/src/device/usbd.c.obj
 .rodata.hidd_control_xfer_cb
                0x0000000010012550       0x30 CMakeFiles/mimik.dir/home/aayush/pico-sdk/lib/tinyusb/src/class/hid/hid_device.c.obj
 .rodata.str1.4
                0x0000000010012580        0x4 CMakeFiles/mimik.dir/home/aayush/pico-sdk/lib/tinyusb/hw/bsp/rp2040/family.c.obj
 .rodata.__bi_142.0
                0x0000000010012584        0xc CMakeFiles/mimik.dir/home/aayush/pico-sdk/lib/tinyusb/hw/bsp/rp2040/family.c.obj
 .rodata.__bi_152.1
                0x0000000010012590        0x8 CMakeFiles/mimik.dir/home/aayush/pico-sdk/lib/tinyusb/hw/bsp/rp2040/family.c.obj
 .rodata.init_config_file.str1.4
                0x0000000010012598       0x18 src/libsrc.a(normal_mode.c.obj)
 .rodata.draw_menu_tray.str1.4
                0x00000000100125b0       0x1c src/libsrc.a(normal_mode.c.obj)
 .rodata.redraw.constprop.0.str1.4
                0x00000000100125cc       0x2b src/libsrc.a(normal_mode.c.obj)
 *fill*         0x00000000100125f7        0x1 
 .rodata.bootlogo_screen.str1.4
                0x00000000100125f8       0x15 src/libsrc.a(normal_mode.c.obj)
 *fill*         0x000000001001260d        0x3 
 .rodata.view_script_screen.str1.4
                0x0000000010012610       0x16 src/libsrc.a(normal_mode.c.obj)
 *fill*         0x0000000010012626        0x2 
 .rodata.lfs_init.str1.4
                0x0000000010012628       0xcd src/libsrc.a(init_filesystem.c.obj)
 *fill*         0x00000000100126f5        0x3 
 .rodata.get_files.str1.4
                0x00000000100126f8       0x21 src/libsrc.a(init_filesystem.c.obj)
 *fill*         0x0000000010012719        0x3 
 .rodata.lfs_read.str1.4
                0x000000001001271c       0x27 src/libsrc.a(init_filesystem.c.obj)
 *fill*         0x0000000010012743        0x1 
 .rodata.create_files.str1.4
                0x0000000010012744       0x31 src/libsrc.a(init_filesystem.c.obj)
 *fill*         0x0000000010012775        0x3 
 .rodata.lfs_delete.str1.4
                0x0000000010012778       0xa1 src/libsrc.a(init_filesystem.c.obj)
 *fill*         0x0000000010012819        0x3 
 .rodata.lfs_create_files.str1.4
                0x000000001001281c       0x14 src/libsrc.a(init_filesystem.c.obj)
 .rodata.Paint_DrawLine.constprop.0.str1.4
                0x0000000010012830       0x49 lib/GUI/libGUI.a(GUI_Paint.c.obj)
 *fill*         0x0000000010012879        0x3 
 .rodata        0x000000001001287c      0x474 lib/Fonts/libFonts.a(font12.c.obj)
                0x000000001001287c                Font12_Table
 .rodata        0x0000000010012cf0      0xbe0 lib/Fonts/libFonts.a(font16.c.obj)
                0x0000000010012cf0                Font16_Table
 .rodata        0x00000000100138d0      0xed8 lib/Fonts/libFonts.a(font20.c.obj)
                0x00000000100138d0                Font20_Table
 .rodata.DEV_Module_Init.str1.4
                0x00000000100147a8       0x15 lib/Config/libConfig.a(DEV_Config.c.obj)
 *fill*         0x00000000100147bd        0x3 
 .rodata.DEV_SET_PWM.str1.4
                0x00000000100147c0       0x14 lib/Config/libConfig.a(DEV_Config.c.obj)
 .rodata.str1.4
                0x00000000100147d4      0x34a lib/lfs/liblfs.a(lfs.c.obj)
                                        0x352 (size before relaxing)
 *fill*         0x0000000010014b1e        0x2 
 .rodata        0x0000000010014b20       0x5c lib/lfs/liblfs.a(lfs.c.obj)
 .rodata.tud_hid_get_report_cb.str1.4
                0x0000000010014b7c       0x16 lib/USB/libUSB.a(script_injection.c.obj)
 *fill*         0x0000000010014b92        0x2 
 .rodata.op_press.str1.4
                0x0000000010014b94       0x26 lib/USB/libUSB.a(script_injection.c.obj)
 *fill*         0x0000000010014bba        0x2 
 .rodata.op_write.str1.4
                0x0000000010014bbc        0x6 lib/USB/libUSB.a(script_injection.c.obj)
 *fill*         0x0000000010014bc2        0x2 
 .rodata.parsing_mechanism.str1.4
                0x0000000010014bc4       0xf5 lib/USB/libUSB.a(script_injection.c.obj)
 *fill*         0x0000000010014cb9        0x3 
 .rodata.str1.4
                0x0000000010014cbc      0x239 lib/USB/libUSB.a(script_injection.c.obj)
                                        0x271 (size before relaxing)
 *fill*         0x0000000010014ef5        0x3 
 .rodata.keycodes
                0x0000000010014ef8      0x300 lib/USB/libUSB.a(script_injection.c.obj)
                0x0000000010014ef8                keycodes
 .rodata.special_keys
                0x00000000100151f8       0xa0 lib/USB/libUSB.a(script_injection.c.obj)
                0x00000000100151f8                special_keys
 .rodata.str1.4
                0x0000000010015298       0x2e lib/USB/libUSB.a(usb_descriptors.c.obj)
 *fill*         0x00000000100152c6        0x2 
 .rodata.__compound_literal.0
                0x00000000100152c8        0x2 lib/USB/libUSB.a(usb_descriptors.c.obj)
 *fill*         0x00000000100152ca        0x2 
 .rodata.desc_configuration
                0x00000000100152cc       0x22 lib/USB/libUSB.a(usb_descriptors.c.obj)
                0x00000000100152cc                desc_configuration
 *fill*         0x00000000100152ee        0x2 
 .rodata.desc_device
                0x00000000100152f0       0x12 lib/USB/libUSB.a(usb_descriptors.c.obj)
                0x00000000100152f0                desc_device
 *fill*         0x0000000010015302        0x2 
 .rodata.desc_hid_report
                0x0000000010015304       0x43 lib/USB/libUSB.a(usb_descriptors.c.obj)
                0x0000000010015304                desc_hid_report
                0x0000000010015348                . = ALIGN (0x4)
 *fill*         0x0000000010015347        0x1 
 *(SORT_BY_ALIGNMENT(SORT_BY_NAME(.flashdata*)))
                0x0000000010015348                . = ALIGN (0x4)

.ARM.extab
 *(.ARM.extab* .gnu.linkonce.armextab.*)
                0x0000000010015348                __exidx_start = .

.ARM.exidx
 *(.ARM.exidx* .gnu.linkonce.armexidx.*)
                0x0000000010015348                __exidx_end = .
                0x0000000010015348                . = ALIGN (0x4)
                0x0000000010015348                __binary_info_start = .

.binary_info    0x0000000010015348       0x2c
 *(.binary_info.keep.*)
 .binary_info.keep.__bi_ptr22
                0x0000000010015348        0x4 CMakeFiles/mimik.dir/home/aayush/pico-sdk/src/rp2_common/pico_standard_link/binary_info.c.obj
 .binary_info.keep.__bi_ptr30
                0x000000001001534c        0x4 CMakeFiles/mimik.dir/home/aayush/pico-sdk/src/rp2_common/pico_standard_link/binary_info.c.obj
 .binary_info.keep.__bi_ptr38
                0x0000000010015350        0x4 CMakeFiles/mimik.dir/home/aayush/pico-sdk/src/rp2_common/pico_standard_link/binary_info.c.obj
 .binary_info.keep.__bi_ptr44
                0x0000000010015354        0x4 CMakeFiles/mimik.dir/home/aayush/pico-sdk/src/rp2_common/pico_standard_link/binary_info.c.obj
 .binary_info.keep.__bi_ptr50
                0x0000000010015358        0x4 CMakeFiles/mimik.dir/home/aayush/pico-sdk/src/rp2_common/pico_standard_link/binary_info.c.obj
 .binary_info.keep.__bi_ptr75
                0x000000001001535c        0x4 CMakeFiles/mimik.dir/home/aayush/pico-sdk/src/rp2_common/pico_standard_link/binary_info.c.obj
 .binary_info.keep.__bi_ptr81
                0x0000000010015360        0x4 CMakeFiles/mimik.dir/home/aayush/pico-sdk/src/rp2_common/pico_standard_link/binary_info.c.obj
 .binary_info.keep.__bi_ptr142
                0x0000000010015364        0x4 CMakeFiles/mimik.dir/home/aayush/pico-sdk/lib/tinyusb/hw/bsp/rp2040/family.c.obj
 .binary_info.keep.__bi_ptr152
                0x0000000010015368        0x4 CMakeFiles/mimik.dir/home/aayush/pico-sdk/lib/tinyusb/hw/bsp/rp2040/family.c.obj
 *(.binary_info.*)
 .binary_info.__bi_ptr33
                0x000000001001536c        0x4 CMakeFiles/mimik.dir/home/aayush/pico-sdk/src/rp2_common/pico_stdio_uart/stdio_uart.c.obj
 .binary_info.__bi_ptr34
                0x0000000010015370        0x4 CMakeFiles/mimik.dir/home/aayush/pico-sdk/src/rp2_common/pico_stdio_uart/stdio_uart.c.obj
                0x0000000010015374                __binary_info_end = .

.rel.dyn        0x0000000010015374        0x0
 .rel.iplt      0x0000000010015374        0x0 /usr/lib/gcc/arm-none-eabi/10.3.1/thumb/v6-m/nofp/crtbegin.o
                0x0000000010015374                . = ALIGN (0x4)

.ram_vector_table
                0x0000000020000000       0xc0
 *(.ram_vector_table)
 .ram_vector_table
                0x0000000020000000       0xc0 CMakeFiles/mimik.dir/home/aayush/pico-sdk/src/rp2_common/pico_runtime/runtime.c.obj
                0x0000000020000000                ram_vector_table

.data           0x00000000200000c0     0x18c4 load address 0x0000000010015374
                0x00000000200000c0                __data_start__ = .
 *(vtable)
 *(.time_critical*)
 .time_critical.mutex_enter_blocking
                0x00000000200000c0       0x48 CMakeFiles/mimik.dir/home/aayush/pico-sdk/src/common/pico_sync/mutex.c.obj
                0x00000000200000c0                mutex_enter_blocking
 .time_critical.mutex_try_enter_block_until
                0x0000000020000108       0x9c CMakeFiles/mimik.dir/home/aayush/pico-sdk/src/common/pico_sync/mutex.c.obj
                0x0000000020000108                mutex_try_enter_block_until
 .time_critical.mutex_enter_timeout_ms
                0x00000000200001a4       0x90 CMakeFiles/mimik.dir/home/aayush/pico-sdk/src/common/pico_sync/mutex.c.obj
                0x00000000200001a4                mutex_enter_timeout_ms
 .time_critical.mutex_exit
                0x0000000020000234       0x28 CMakeFiles/mimik.dir/home/aayush/pico-sdk/src/common/pico_sync/mutex.c.obj
                0x0000000020000234                mutex_exit
 .time_critical.spi_write_blocking
                0x000000002000025c       0x4c CMakeFiles/mimik.dir/home/aayush/pico-sdk/src/rp2_common/hardware_spi/spi.c.obj
                0x000000002000025c                spi_write_blocking
 .time_critical.reset_non_control_endpoints
                0x00000000200002a8       0xbc CMakeFiles/mimik.dir/home/aayush/pico-sdk/lib/tinyusb/src/portable/raspberrypi/rp2040/dcd_rp2040.c.obj
 .time_critical.hw_handle_buff_status
                0x0000000020000364       0xa8 CMakeFiles/mimik.dir/home/aayush/pico-sdk/lib/tinyusb/src/portable/raspberrypi/rp2040/dcd_rp2040.c.obj
 .time_critical.dcd_rp2040_irq
                0x000000002000040c      0x4d8 CMakeFiles/mimik.dir/home/aayush/pico-sdk/lib/tinyusb/src/portable/raspberrypi/rp2040/dcd_rp2040.c.obj
 .time_critical.e15_is_bulkin_ep
                0x00000000200008e4       0x28 CMakeFiles/mimik.dir/home/aayush/pico-sdk/lib/tinyusb/src/portable/raspberrypi/rp2040/rp2040_usb.c.obj
 .time_critical.e15_is_critical_frame_period
                0x000000002000090c       0x34 CMakeFiles/mimik.dir/home/aayush/pico-sdk/lib/tinyusb/src/portable/raspberrypi/rp2040/rp2040_usb.c.obj
 .time_critical.prepare_ep_buffer
                0x0000000020000940       0x70 CMakeFiles/mimik.dir/home/aayush/pico-sdk/lib/tinyusb/src/portable/raspberrypi/rp2040/rp2040_usb.c.obj
 .time_critical.sync_ep_buffer
                0x00000000200009b0       0x4c CMakeFiles/mimik.dir/home/aayush/pico-sdk/lib/tinyusb/src/portable/raspberrypi/rp2040/rp2040_usb.c.obj
 .time_critical._hw_endpoint_xfer_sync
                0x00000000200009fc       0x28 CMakeFiles/mimik.dir/home/aayush/pico-sdk/lib/tinyusb/src/portable/raspberrypi/rp2040/rp2040_usb.c.obj
 .time_critical.hw_endpoint_reset_transfer
                0x0000000020000a24        0xc CMakeFiles/mimik.dir/home/aayush/pico-sdk/lib/tinyusb/src/portable/raspberrypi/rp2040/rp2040_usb.c.obj
                0x0000000020000a24                hw_endpoint_reset_transfer
 .time_critical._hw_endpoint_buffer_control_update32
                0x0000000020000a30       0x58 CMakeFiles/mimik.dir/home/aayush/pico-sdk/lib/tinyusb/src/portable/raspberrypi/rp2040/rp2040_usb.c.obj
                0x0000000020000a30                _hw_endpoint_buffer_control_update32
 .time_critical.hw_endpoint_start_next_buffer
                0x0000000020000a88       0x6c CMakeFiles/mimik.dir/home/aayush/pico-sdk/lib/tinyusb/src/portable/raspberrypi/rp2040/rp2040_usb.c.obj
                0x0000000020000a88                hw_endpoint_start_next_buffer
 .time_critical.hw_endpoint_xfer_continue
                0x0000000020000af4       0x50 CMakeFiles/mimik.dir/home/aayush/pico-sdk/lib/tinyusb/src/portable/raspberrypi/rp2040/rp2040_usb.c.obj
                0x0000000020000af4                hw_endpoint_xfer_continue
 .time_critical.tinyusb
                0x0000000020000b44      0x170 CMakeFiles/mimik.dir/home/aayush/pico-sdk/lib/tinyusb/src/device/usbd.c.obj
                0x0000000020000b44                dcd_event_handler
 .time_critical.flash_init_boot2_copyout
                0x0000000020000cb4       0x30 CMakeFiles/mimik.dir/home/aayush/pico-sdk/src/rp2_common/hardware_flash/flash.c.obj
 .time_critical.flash_enable_xip_via_boot2
                0x0000000020000ce4       0x10 CMakeFiles/mimik.dir/home/aayush/pico-sdk/src/rp2_common/hardware_flash/flash.c.obj
 .time_critical.flash_range_erase
                0x0000000020000cf4       0x80 CMakeFiles/mimik.dir/home/aayush/pico-sdk/src/rp2_common/hardware_flash/flash.c.obj
                0x0000000020000cf4                flash_range_erase
 .time_critical.flash_range_program
                0x0000000020000d74       0x80 CMakeFiles/mimik.dir/home/aayush/pico-sdk/src/rp2_common/hardware_flash/flash.c.obj
                0x0000000020000d74                flash_range_program
 *(.text*)
 .text          0x0000000020000df4        0x4 /usr/lib/gcc/arm-none-eabi/10.3.1/thumb/v6-m/nofp/libgcc.a(_dvmd_tls.o)
                0x0000000020000df4                __aeabi_ldiv0
                0x0000000020000df4                __aeabi_idiv0
 .text          0x0000000020000df8       0x48 /usr/lib/gcc/arm-none-eabi/10.3.1/../../../arm-none-eabi/lib/thumb/v6-m/nofp/libc.a(lib_a-memcmp.o)
                0x0000000020000df8                memcmp
 .text.__stub   0x0000000020000e40       0x80 linker stubs
                0x0000000020000ec0                . = ALIGN (0x4)
 *(.rodata*)
                0x0000000020000ec0                . = ALIGN (0x4)
 *(.data*)
 .data.striped_spin_lock_num
                0x0000000020000ec0        0x1 CMakeFiles/mimik.dir/home/aayush/pico-sdk/src/rp2_common/hardware_sync/sync.c.obj
 *fill*         0x0000000020000ec1        0x3 
 .data          0x0000000020000ec4       0x48 CMakeFiles/mimik.dir/home/aayush/pico-sdk/src/rp2_common/hardware_irq/irq_handler_chain.S.obj
                0x0000000020000ec4                irq_handler_chain_slots
                0x0000000020000ef4                irq_handler_chain_first_slot
                0x0000000020000efe                irq_handler_chain_remove_tail
 .data.default_alarm_pool
                0x0000000020000f0c       0x18 CMakeFiles/mimik.dir/home/aayush/pico-sdk/src/common/pico_time/time.c.obj
 .data.default_alarm_pool_heap
                0x0000000020000f24       0x10 CMakeFiles/mimik.dir/home/aayush/pico-sdk/src/common/pico_time/time.c.obj
 *fill*         0x0000000020000f34        0xc 
 .data.aeabi_bits_funcs
                0x0000000020000f40       0x10 CMakeFiles/mimik.dir/home/aayush/pico-sdk/src/rp2_common/pico_bit_ops/bit_ops_aeabi.S.obj
                0x0000000020000f40                aeabi_bits_funcs
                0x0000000020000f50                aeabi_bits_funcs_end
 .data.aeabi_mem_funcs
                0x0000000020000f50       0x10 CMakeFiles/mimik.dir/home/aayush/pico-sdk/src/rp2_common/pico_mem_ops/mem_ops_aeabi.S.obj
                0x0000000020000f50                aeabi_mem_funcs
                0x0000000020000f60                aeabi_mem_funcs_end
 .data.stdio_uart
                0x0000000020000f60       0x18 CMakeFiles/mimik.dir/home/aayush/pico-sdk/src/rp2_common/pico_stdio_uart/stdio_uart.c.obj
                0x0000000020000f60                stdio_uart
 .data.i2c0_inst
                0x0000000020000f78        0x8 CMakeFiles/mimik.dir/home/aayush/pico-sdk/src/rp2_common/hardware_i2c/i2c.c.obj
                0x0000000020000f78                i2c0_inst
 .data.i2c1_inst
                0x0000000020000f80        0x8 CMakeFiles/mimik.dir/home/aayush/pico-sdk/src/rp2_common/hardware_i2c/i2c.c.obj
                0x0000000020000f80                i2c1_inst
 .data.ep_dir_string
                0x0000000020000f88        0x8 CMakeFiles/mimik.dir/home/aayush/pico-sdk/lib/tinyusb/src/portable/raspberrypi/rp2040/rp2040_usb.c.obj
                0x0000000020000f88                ep_dir_string
 .data._usbd_qdef
                0x0000000020000f90       0x1c CMakeFiles/mimik.dir/home/aayush/pico-sdk/lib/tinyusb/src/device/usbd.c.obj
                0x0000000020000f90                _usbd_qdef
 .data._usbd_rhport
                0x0000000020000fac        0x1 CMakeFiles/mimik.dir/home/aayush/pico-sdk/lib/tinyusb/src/device/usbd.c.obj
 *fill*         0x0000000020000fad        0x3 
 .data.interface_colour
                0x0000000020000fb0       0xe0 src/libsrc.a(normal_mode.c.obj)
                0x0000000020000fb0                interface_colour
 .data.option_list
                0x0000000020001090       0x18 src/libsrc.a(normal_mode.c.obj)
                0x0000000020001090                option_list
 .data.FS_BASE  0x00000000200010a8        0x4 src/libsrc.a(init_filesystem.c.obj)
                0x00000000200010a8                FS_BASE
 .data.pico_cfg
                0x00000000200010ac       0x48 src/libsrc.a(init_filesystem.c.obj)
                0x00000000200010ac                pico_cfg
 .data          0x00000000200010f4        0x8 lib/Fonts/libFonts.a(font12.c.obj)
                0x00000000200010f4                Font12
 .data          0x00000000200010fc        0x8 lib/Fonts/libFonts.a(font16.c.obj)
                0x00000000200010fc                Font16
 .data          0x0000000020001104        0x8 lib/Fonts/libFonts.a(font20.c.obj)
                0x0000000020001104                Font20
 .data.string_desc_arr
                0x000000002000110c       0x10 lib/USB/libUSB.a(usb_descriptors.c.obj)
                0x000000002000110c                string_desc_arr
 *fill*         0x000000002000111c        0x4 
 .data          0x0000000020001120      0x430 /usr/lib/gcc/arm-none-eabi/10.3.1/../../../arm-none-eabi/lib/thumb/v6-m/nofp/libc.a(lib_a-impure.o)
                0x0000000020001120                _impure_ptr
 .data          0x0000000020001550      0x410 /usr/lib/gcc/arm-none-eabi/10.3.1/../../../arm-none-eabi/lib/thumb/v6-m/nofp/libc.a(lib_a-mallocr.o)
                0x0000000020001550                __malloc_sbrk_base
                0x0000000020001554                __malloc_trim_threshold
                0x0000000020001558                __malloc_av_
                0x0000000020001960                . = ALIGN (0x4)
 *(.after_data.*)
                0x0000000020001960                . = ALIGN (0x4)
                0x0000000020001960                PROVIDE (__mutex_array_start = .)
 *(SORT_BY_NAME(.mutex_array.*))
 *(.mutex_array)
 .mutex_array   0x0000000020001960        0x8 CMakeFiles/mimik.dir/home/aayush/pico-sdk/src/rp2_common/pico_malloc/pico_malloc.c.obj
 .mutex_array   0x0000000020001968        0x8 CMakeFiles/mimik.dir/home/aayush/pico-sdk/src/rp2_common/pico_stdio/stdio.c.obj
                0x0000000020001970                PROVIDE (__mutex_array_end = .)
                0x0000000020001970                . = ALIGN (0x4)
                0x0000000020001970                PROVIDE (__preinit_array_start = .)
 *(SORT_BY_NAME(.preinit_array.*))
 .preinit_array.00001
                0x0000000020001970        0x4 CMakeFiles/mimik.dir/home/aayush/pico-sdk/src/rp2_common/pico_mem_ops/mem_ops_aeabi.S.obj
 .preinit_array.00010
                0x0000000020001974        0x4 CMakeFiles/mimik.dir/home/aayush/pico-sdk/src/rp2_common/pico_bit_ops/bit_ops_aeabi.S.obj
 .preinit_array.00020
                0x0000000020001978        0x4 CMakeFiles/mimik.dir/home/aayush/pico-sdk/src/rp2_common/pico_double/double_aeabi.S.obj
 .preinit_array.00020
                0x000000002000197c        0x4 CMakeFiles/mimik.dir/home/aayush/pico-sdk/src/rp2_common/pico_float/float_aeabi.S.obj
 *(.preinit_array)
                0x0000000020001980                PROVIDE (__preinit_array_end = .)
                0x0000000020001980                . = ALIGN (0x4)
                0x0000000020001980                PROVIDE (__init_array_start = .)
 *(SORT_BY_NAME(.init_array.*))
 *(.init_array)
 .init_array    0x0000000020001980        0x4 /usr/lib/gcc/arm-none-eabi/10.3.1/thumb/v6-m/nofp/crtbegin.o
                0x0000000020001984                PROVIDE (__init_array_end = .)
                0x0000000020001984                . = ALIGN (0x4)
                0x0000000020001984                PROVIDE (__fini_array_start = .)
 *(SORT_BY_NAME(.fini_array.*))
 *(.fini_array)
                0x0000000020001984                PROVIDE (__fini_array_end = .)
 *(.jcr)
                0x0000000020001984                . = ALIGN (0x4)
                0x0000000020001984                __data_end__ = .
                0x0000000010015374                __etext = LOADADDR (.data)

.tm_clone_table
                0x0000000020001984        0x0 load address 0x0000000010016c38
 .tm_clone_table
                0x0000000020001984        0x0 /usr/lib/gcc/arm-none-eabi/10.3.1/thumb/v6-m/nofp/crtbegin.o
 .tm_clone_table
                0x0000000020001984        0x0 /usr/lib/gcc/arm-none-eabi/10.3.1/thumb/v6-m/nofp/crtend.o

.igot.plt       0x0000000020001984        0x0 load address 0x0000000010016c38
 .igot.plt      0x0000000020001984        0x0 /usr/lib/gcc/arm-none-eabi/10.3.1/thumb/v6-m/nofp/crtbegin.o

.uninitialized_data
                0x0000000020001984        0x0 load address 0x0000000010016c38
                0x0000000020001984                . = ALIGN (0x4)
 *(.uninitialized_data*)

.scratch_x      0x0000000020040000        0x0 load address 0x0000000010016c38
                0x0000000020040000                __scratch_x_start__ = .
 *(.scratch_x.*)
                0x0000000020040000                . = ALIGN (0x4)
                0x0000000020040000                __scratch_x_end__ = .
                0x0000000010016c38                __scratch_x_source__ = LOADADDR (.scratch_x)

.scratch_y      0x0000000020041000        0x0 load address 0x0000000010016c38
                0x0000000020041000                __scratch_y_start__ = .
 *(.scratch_y.*)
                0x0000000020041000                . = ALIGN (0x4)
                0x0000000020041000                __scratch_y_end__ = .
                0x0000000010016c38                __scratch_y_source__ = LOADADDR (.scratch_y)

.bss            0x0000000020001988     0x1200
                0x0000000020001988                . = ALIGN (0x4)
                0x0000000020001988                __bss_start__ = .
 *(SORT_BY_ALIGNMENT(SORT_BY_NAME(.bss*)))
 .bss           0x0000000020001988       0x78 lib/lfs/liblfs.a(lfs.c.obj)
                0x0000000020001988                lfs
 .bss.default_alarm_pool_entries
                0x0000000020001a00      0x100 CMakeFiles/mimik.dir/home/aayush/pico-sdk/src/common/pico_time/time.c.obj
 .bss.sd_table  0x0000000020001b00      0x100 CMakeFiles/mimik.dir/home/aayush/pico-sdk/src/rp2_common/pico_double/double_init_rom.c.obj
                0x0000000020001b00                sd_table
 .bss.sf_table  0x0000000020001c00      0x100 CMakeFiles/mimik.dir/home/aayush/pico-sdk/src/rp2_common/pico_float/float_init_rom.c.obj
                0x0000000020001c00                sf_table
 .bss           0x0000000020001d00       0x1c /usr/lib/gcc/arm-none-eabi/10.3.1/thumb/v6-m/nofp/crtbegin.o
 .bss           0x0000000020001d1c       0x34 /usr/lib/gcc/arm-none-eabi/10.3.1/../../../arm-none-eabi/lib/thumb/v6-m/nofp/libc.a(lib_a-mallocr.o)
                0x0000000020001d1c                __malloc_top_pad
                0x0000000020001d20                __malloc_current_mallinfo
                0x0000000020001d48                __malloc_max_sbrked_mem
                0x0000000020001d4c                __malloc_max_total_mem
 .bss           0x0000000020001d50        0x4 /usr/lib/gcc/arm-none-eabi/10.3.1/../../../arm-none-eabi/lib/thumb/v6-m/nofp/libc.a(lib_a-reent.o)
                0x0000000020001d50                errno
 .bss.Infrared_PIN
                0x0000000020001d54        0x4 lib/Infrared/libInfrared.a(Infrared.c.obj)
                0x0000000020001d54                Infrared_PIN
 .bss.LCD_2IN   0x0000000020001d58        0x6 lib/LCD/libLCD.a(LCD_2in.c.obj)
                0x0000000020001d58                LCD_2IN
 *fill*         0x0000000020001d5e        0x2 
 .bss.Paint     0x0000000020001d60       0x18 lib/GUI/libGUI.a(GUI_Paint.c.obj)
                0x0000000020001d60                Paint
 .bss.ScreenBuffer
                0x0000000020001d78        0x4 src/libsrc.a(normal_mode.c.obj)
                0x0000000020001d78                ScreenBuffer
 .bss._app_driver
                0x0000000020001d7c        0x4 CMakeFiles/mimik.dir/home/aayush/pico-sdk/lib/tinyusb/src/device/usbd.c.obj
 .bss._ctrl_xfer
                0x0000000020001d80       0x14 CMakeFiles/mimik.dir/home/aayush/pico-sdk/lib/tinyusb/src/device/usbd_control.c.obj
 .bss._desc_str
                0x0000000020001d94       0x40 lib/USB/libUSB.a(usb_descriptors.c.obj)
 .bss._hidd_itf
                0x0000000020001dd4       0x2c CMakeFiles/mimik.dir/home/aayush/pico-sdk/lib/tinyusb/src/class/hid/hid_device.c.obj
 .bss._ubsd_mutexdef
                0x0000000020001e00        0x8 CMakeFiles/mimik.dir/home/aayush/pico-sdk/lib/tinyusb/src/device/usbd.c.obj
 .bss._usbd_ctrl_buf
                0x0000000020001e08       0x40 CMakeFiles/mimik.dir/home/aayush/pico-sdk/lib/tinyusb/src/device/usbd_control.c.obj
 .bss._usbd_dev
                0x0000000020001e48       0x53 CMakeFiles/mimik.dir/home/aayush/pico-sdk/lib/tinyusb/src/device/usbd.c.obj
 *fill*         0x0000000020001e9b        0x1 
 .bss._usbd_mutex
                0x0000000020001e9c        0x4 CMakeFiles/mimik.dir/home/aayush/pico-sdk/lib/tinyusb/src/device/usbd.c.obj
 .bss._usbd_q   0x0000000020001ea0        0x4 CMakeFiles/mimik.dir/home/aayush/pico-sdk/lib/tinyusb/src/device/usbd.c.obj
 .bss._usbd_qdef_buf
                0x0000000020001ea4       0xc0 CMakeFiles/mimik.dir/home/aayush/pico-sdk/lib/tinyusb/src/device/usbd.c.obj
                0x0000000020001ea4                _usbd_qdef_buf
 .bss.alarm_callbacks
                0x0000000020001f64       0x10 CMakeFiles/mimik.dir/home/aayush/pico-sdk/src/rp2_common/hardware_timer/timer.c.obj
 .bss.boot2_copyout
                0x0000000020001f74      0x100 CMakeFiles/mimik.dir/home/aayush/pico-sdk/src/rp2_common/hardware_flash/flash.c.obj
 .bss.chars_available_callback
                0x0000000020002074        0x4 CMakeFiles/mimik.dir/home/aayush/pico-sdk/src/rp2_common/pico_stdio_uart/stdio_uart.c.obj
 .bss.chars_available_param
                0x0000000020002078        0x4 CMakeFiles/mimik.dir/home/aayush/pico-sdk/src/rp2_common/pico_stdio_uart/stdio_uart.c.obj
 .bss.claimed   0x000000002000207c        0x4 CMakeFiles/mimik.dir/home/aayush/pico-sdk/src/rp2_common/hardware_sync/sync.c.obj
 .bss.configured_freq
                0x0000000020002080       0x28 CMakeFiles/mimik.dir/home/aayush/pico-sdk/src/rp2_common/hardware_clocks/clocks.c.obj
 .bss.default_alarm_pool_entry_ids_high
                0x00000000200020a8       0x10 CMakeFiles/mimik.dir/home/aayush/pico-sdk/src/common/pico_time/time.c.obj
 .bss.default_alarm_pool_heap_nodes
                0x00000000200020b8       0x30 CMakeFiles/mimik.dir/home/aayush/pico-sdk/src/common/pico_time/time.c.obj
 .bss.drivers   0x00000000200020e8        0x4 CMakeFiles/mimik.dir/home/aayush/pico-sdk/src/rp2_common/pico_stdio/stdio.c.obj
 .bss.e15_last_sof
                0x00000000200020ec        0x4 CMakeFiles/mimik.dir/home/aayush/pico-sdk/lib/tinyusb/src/portable/raspberrypi/rp2040/rp2040_usb.c.obj
                0x00000000200020ec                e15_last_sof
 .bss.filter    0x00000000200020f0        0x4 CMakeFiles/mimik.dir/home/aayush/pico-sdk/src/rp2_common/pico_stdio/stdio.c.obj
 .bss.heap_end.0
                0x00000000200020f4        0x4 CMakeFiles/mimik.dir/home/aayush/pico-sdk/src/rp2_common/pico_runtime/runtime.c.obj
 .bss.hw_endpoints
                0x00000000200020f8      0x400 CMakeFiles/mimik.dir/home/aayush/pico-sdk/lib/tinyusb/src/portable/raspberrypi/rp2040/dcd_rp2040.c.obj
 .bss.inf       0x00000000200024f8      0x630 src/libsrc.a(normal_mode.c.obj)
                0x00000000200024f8                inf
 .bss.keystrokes
                0x0000000020002b28        0x6 lib/USB/libUSB.a(script_injection.c.obj)
                0x0000000020002b28                keystrokes
 *fill*         0x0000000020002b2e        0x2 
 .bss.lazy_vsnprintf
                0x0000000020002b30        0x4 CMakeFiles/mimik.dir/home/aayush/pico-sdk/src/rp2_common/pico_printf/printf.c.obj
 .bss.next_buffer_ptr
                0x0000000020002b34        0x4 CMakeFiles/mimik.dir/home/aayush/pico-sdk/lib/tinyusb/src/portable/raspberrypi/rp2040/dcd_rp2040.c.obj
 .bss.parse     0x0000000020002b38        0x4 lib/USB/libUSB.a(script_injection.c.obj)
                0x0000000020002b38                parse
 .bss.pools     0x0000000020002b3c       0x10 CMakeFiles/mimik.dir/home/aayush/pico-sdk/src/common/pico_time/time.c.obj
 .bss.scroll_value_change
                0x0000000020002b4c        0x4 src/libsrc.a(init_filesystem.c.obj)
 .bss.sf_clz_func
                0x0000000020002b50        0x4 CMakeFiles/mimik.dir/home/aayush/pico-sdk/src/rp2_common/pico_double/double_init_rom.c.obj
                0x0000000020002b50                sf_clz_func
 .bss.sleep_notifier
                0x0000000020002b54        0x4 CMakeFiles/mimik.dir/home/aayush/pico-sdk/src/common/pico_time/time.c.obj
 .bss.slice_num
                0x0000000020002b58        0x4 lib/Config/libConfig.a(DEV_Config.c.obj)
                0x0000000020002b58                slice_num
 .bss.system_state
                0x0000000020002b5c        0x1 lib/USB/libUSB.a(script_injection.c.obj)
                0x0000000020002b5c                system_state
 *fill*         0x0000000020002b5d        0x3 
 .bss.target_hi
                0x0000000020002b60       0x10 CMakeFiles/mimik.dir/home/aayush/pico-sdk/src/rp2_common/hardware_timer/timer.c.obj
 .bss.temp      0x0000000020002b70        0x4 src/libsrc.a(normal_mode.c.obj)
                0x0000000020002b70                temp
 .bss.uart_char_to_line_feed
                0x0000000020002b74        0x4 CMakeFiles/mimik.dir/home/aayush/pico-sdk/src/rp2_common/hardware_uart/uart.c.obj
                0x0000000020002b74                uart_char_to_line_feed
 .bss.uart_inst
                0x0000000020002b78        0x4 CMakeFiles/mimik.dir/home/aayush/pico-sdk/lib/tinyusb/hw/bsp/rp2040/family.c.obj
 .bss.uart_instance
                0x0000000020002b7c        0x4 CMakeFiles/mimik.dir/home/aayush/pico-sdk/src/rp2_common/pico_stdio_uart/stdio_uart.c.obj
 .bss._app_driver_count
                0x0000000020002b80        0x1 CMakeFiles/mimik.dir/home/aayush/pico-sdk/lib/tinyusb/src/device/usbd.c.obj
 .bss._sof_enable
                0x0000000020002b81        0x1 CMakeFiles/mimik.dir/home/aayush/pico-sdk/lib/tinyusb/src/portable/raspberrypi/rp2040/dcd_rp2040.c.obj
 .bss.boot2_copyout_valid
                0x0000000020002b82        0x1 CMakeFiles/mimik.dir/home/aayush/pico-sdk/src/rp2_common/hardware_flash/flash.c.obj
 .bss.claimed   0x0000000020002b83        0x1 CMakeFiles/mimik.dir/home/aayush/pico-sdk/src/rp2_common/hardware_timer/timer.c.obj
 .bss.irq_hander_chain_free_slot_head
                0x0000000020002b84        0x1 CMakeFiles/mimik.dir/home/aayush/pico-sdk/src/rp2_common/hardware_irq/irq.c.obj
 .bss.timer_callbacks_pending
                0x0000000020002b85        0x1 CMakeFiles/mimik.dir/home/aayush/pico-sdk/src/rp2_common/hardware_timer/timer.c.obj
 *(COMMON)
                0x0000000020002b88                . = ALIGN (0x4)